Microchip MPLAB XC8 Compiler V2.10 ()

Linker command line:

-W-3 --edf=/opt/microchip/xc8/v2.10/pic/dat/en_msgs.txt -cs \
  -h+dist/default/production/Cwiczenie1.X.production.sym \
  --cmf=dist/default/production/Cwiczenie1.X.production.cmf -z -Q18F4620 \
  -o/tmp/xcXRu9POo --defsym=__MPLAB_BUILD=1 \
  -Mdist/default/production/Cwiczenie1.X.production.map -E1 -ver=XC8 \
  --acfsm=1493 -ASTACK=080h-0F7Fh -pstack=STACK -ACODE=00h-0FFFFh \
  -ACONST=00h-0FFFFh -ASMALLCONST=01000h-010FFhx240 \
  -AMEDIUMCONST=01000h-0FFFFh -ACOMRAM=01h-07Fh -AABS1=00h-0F7Fh \
  -ABIGRAM=01h-0F7Fh -ARAM=080h-0FFh,0100h-01FFhx14,0F00h-0F7Fh \
  -ABANK0=080h-0FFh -ABANK1=0100h-01FFh -ABANK2=0200h-02FFh \
  -ABANK3=0300h-03FFh -ABANK4=0400h-04FFh -ABANK5=0500h-05FFh \
  -ABANK6=0600h-06FFh -ABANK7=0700h-07FFh -ABANK8=0800h-08FFh \
  -ABANK9=0900h-09FFh -ABANK10=0A00h-0AFFh -ABANK11=0B00h-0BFFh \
  -ABANK12=0C00h-0CFFh -ABANK13=0D00h-0DFFh -ABANK14=0E00h-0EFFh \
  -ABANK15=0F00h-0F7Fh -ASFR=0F80h-0FFFh \
  -preset_vec=00h,intcode,intcodelo,powerup,init -pramtop=01000h \
  -psmallconst=SMALLCONST -pmediumconst=MEDIUMCONST -pconst=CONST \
  -AFARRAM=00h-00h -ACONFIG=0300000h-030000Dh -pconfig=CONFIG \
  -AIDLOC=0200000h-0200007h -pidloc=IDLOC -AEEDATA=0F00000h-0F003FFh \
  -peeprom_data=EEDATA \
  -prdata=COMRAM,nvrram=COMRAM,nvbit=COMRAM,rbss=COMRAM,rbit=COMRAM \
  -pfarbss=FARRAM,fardata=FARRAM,nvFARRAM=FARRAM \
  -pintsave_regs=BIGRAM,bigbss=BIGRAM,bigdata=BIGRAM -pbss=RAM \
  -pidata=CODE,irdata=CODE,ibigdata=CODE,ifardata=CODE -prparam=COMRAM \
  /tmp/xcXtKT5hq.o dist/default/production/Cwiczenie1.X.production.o 

Object code version is 3.11

Machine type is 18F4620

Call graph: (short form)




                Name                               Link     Load   Length Selector   Space Scale
/tmp/xcXtKT5hq.o
                init                                  0        0        4        0       0
                idloc                            200000   200000        8   200000       0
                config                           300000   300000        E   300000       0
dist/default/production/Cwiczenie1.X.production.o
                mediumconst                        FEFA     FEFA      106     7F7D       0
                text27                             FCC8     FCC8       E6     7E64       0
                text26                             F2AC     F2AC       48     7956       0
                text25                             F1A2     F1A2        8     78D1       0
                text24                             F1B4     F1B4       12     78DA       0
                text23                             F48A     F48A       5C     7A45       0
                text22                             F2F4     F2F4       4C     797A       0
                text21                             F4E6     F4E6       72     7A73       0
                text20                             F1C6     F1C6       12     78E3       0
                text19                             F340     F340       50     79A0       0
                text18                             FB50     FB50       B4     7DA8       0
                text17                             F93E     F93E       B0     7C9F       0
                text16                             F890     F890       AE     7C48       0
                text15                             F1AA     F1AA        A     78D5       0
                text14                             F68C     F68C       AC     7B46       0
                text13                             F5E2     F5E2       AA     7AF1       0
                text12                             FC04     FC04       C4     7E02       0
                text11                             F9EE     F9EE       B0     7CF7       0
                text10                             F1EE     F1EE       36     78F7       0
                text9                              F738     F738       AC     7B9C       0
                text8                              F7E4     F7E4       AC     7BF2       0
                text7                              F434     F434       56     7A1A       0
                text6                              F558     F558       8A     7AAC       0
                text5                              F224     F224       44     7912       0
                text4                              FDAE     FDAE      14C     7ED7       0
                text3                              F268     F268       44     7934       0
                text2                              F390     F390       52     79C8       0
                text1                              FA9E     FA9E       B2     7D4F       0
                text0                              F3E2     F3E2       52     79F1       0
                cstackCOMRAM                          1        1       1B        1       1
                bssCOMRAM                            1C       1C        F        1       1
                cinit                              F1D8     F1D8       16     78EC       0

TOTAL           Name                               Link     Load   Length     Space
        CLASS   STACK          

        CLASS   CODE           
                init                                  0        0        4         0
                text27                             FCC8     FCC8       E6         0
                text26                             F2AC     F2AC       48         0
                text25                             F1A2     F1A2        8         0
                text24                             F1B4     F1B4       12         0
                text23                             F48A     F48A       5C         0
                text22                             F2F4     F2F4       4C         0
                text21                             F4E6     F4E6       72         0
                text20                             F1C6     F1C6       12         0
                text19                             F340     F340       50         0
                text18                             FB50     FB50       B4         0
                text17                             F93E     F93E       B0         0
                text16                             F890     F890       AE         0
                text15                             F1AA     F1AA        A         0
                text14                             F68C     F68C       AC         0
                text13                             F5E2     F5E2       AA         0
                text12                             FC04     FC04       C4         0
                text11                             F9EE     F9EE       B0         0
                text10                             F1EE     F1EE       36         0
                text9                              F738     F738       AC         0
                text8                              F7E4     F7E4       AC         0
                text7                              F434     F434       56         0
                text6                              F558     F558       8A         0
                text5                              F224     F224       44         0
                text4                              FDAE     FDAE      14C         0
                text3                              F268     F268       44         0
                text2                              F390     F390       52         0
                text1                              FA9E     FA9E       B2         0
                text0                              F3E2     F3E2       52         0
                cinit                              F1D8     F1D8       16         0

        CLASS   CONST          

        CLASS   SMALLCONST     

        CLASS   MEDIUMCONST    
                mediumconst                        FEFA     FEFA      106         0

        CLASS   COMRAM         
                cstackCOMRAM                          1        1       1B         1
                bssCOMRAM                            1C       1C        F         1

        CLASS   ABS1           

        CLASS   BIGRAM         

        CLASS   RAM            

        CLASS   BANK0          

        CLASS   BANK1          

        CLASS   BANK2          

        CLASS   BANK3          

        CLASS   BANK4          

        CLASS   BANK5          

        CLASS   BANK6          

        CLASS   BANK7          

        CLASS   BANK8          

        CLASS   BANK9          

        CLASS   BANK10         

        CLASS   BANK11         

        CLASS   BANK12         

        CLASS   BANK13         

        CLASS   BANK14         

        CLASS   BANK15         

        CLASS   SFR            

        CLASS   FARRAM         

        CLASS   CONFIG         
                config                           300000   300000        E         0

        CLASS   IDLOC          
                idloc                            200000   200000        8         0

        CLASS   EEDATA         



SEGMENTS        Name                           Load    Length   Top    Selector   Space  Class

                reset_vec                      000000  000004  000004         0       0  CODE    
                cstackCOMRAM                   000001  00002A  00002B         1       1  COMRAM  
                text25                         00F1A2  000008  00F1AA      78D1       0  CODE    
                text15                         00F1AA  00000A  00F1B4      78D5       0  CODE    
                text24                         00F1B4  000012  00F1C6      78DA       0  CODE    
                text20                         00F1C6  000012  00F1D8      78E3       0  CODE    
                cinit                          00F1D8  000016  00F1EE      78EC       0  CODE    
                text10                         00F1EE  000036  00F224      78F7       0  CODE    
                text5                          00F224  000044  00F268      7912       0  CODE    
                text3                          00F268  000044  00F2AC      7934       0  CODE    
                text26                         00F2AC  000048  00F2F4      7956       0  CODE    
                text22                         00F2F4  00004C  00F340      797A       0  CODE    
                text19                         00F340  000050  00F390      79A0       0  CODE    
                text2                          00F390  000052  00F3E2      79C8       0  CODE    
                text0                          00F3E2  000052  00F434      79F1       0  CODE    
                text7                          00F434  000056  00F48A      7A1A       0  CODE    
                text23                         00F48A  00005C  00F4E6      7A45       0  CODE    
                text21                         00F4E6  000072  00F558      7A73       0  CODE    
                text6                          00F558  00008A  00F5E2      7AAC       0  CODE    
                text13                         00F5E2  0000AA  00F68C      7AF1       0  CODE    
                text14                         00F68C  0000AC  00F738      7B46       0  CODE    
                text9                          00F738  0000AC  00F7E4      7B9C       0  CODE    
                text8                          00F7E4  0000AC  00F890      7BF2       0  CODE    
                text16                         00F890  0000AE  00F93E      7C48       0  CODE    
                text17                         00F93E  0000B0  00F9EE      7C9F       0  CODE    
                text11                         00F9EE  0000B0  00FA9E      7CF7       0  CODE    
                text1                          00FA9E  0000B2  00FB50      7D4F       0  CODE    
                text18                         00FB50  0000B4  00FC04      7DA8       0  CODE    
                text12                         00FC04  0000C4  00FCC8      7E02       0  CODE    
                text27                         00FCC8  0000E6  00FDAE      7E64       0  CODE    
                text4                          00FDAE  00014C  00FEFA      7ED7       0  CODE    
                mediumconst                    00FEFA  000106  010000      7F7D       0  MEDIUMCO
                idloc                          200000  000008  200008    200000       0  IDLOC   
                config                         300000  00000E  30000E    300000       0  CONFIG  


UNUSED ADDRESS RANGES

        Name                Unused          Largest block    Delta
        BANK0            000080-0000FF               80
        BANK1            000100-0001FF              100
        BANK10           000A00-000AFF              100
        BANK11           000B00-000BFF              100
        BANK12           000C00-000CFF              100
        BANK13           000D00-000DFF              100
        BANK14           000E00-000EFF              100
        BANK15           000F00-000F7F               80
        BANK2            000200-0002FF              100
        BANK3            000300-0003FF              100
        BANK4            000400-0004FF              100
        BANK5            000500-0005FF              100
        BANK6            000600-0006FF              100
        BANK7            000700-0007FF              100
        BANK8            000800-0008FF              100
        BANK9            000900-0009FF              100
        BIGRAM           00002B-000F7F              F55
        CODE             000004-00F1A1             F19E
        COMRAM           00002B-00007F               55
        CONST            000004-00F1A1             F19E
        EEDATA           F00000-F003FF              400
        MEDIUMCONST      001000-00F1A1             E1A2
        RAM              000080-000F7F              100
        SFR              000F80-000FFF               80
        SMALLCONST       001000-00F1A1              100
        STACK            000080-000F7F              F00

                                  Symbol Table

?___awdiv                          cstackCOMRAM 000001
?___awmod                          cstackCOMRAM 000001
?_isProgramInterupted              cstackCOMRAM 000001
_ADCON0                            (abs)        000FC2
_ADCON0bits                        (abs)        000FC2
_ADCON1                            (abs)        000FC1
_ADCON2                            (abs)        000FC0
_ADRESH                            (abs)        000FC4
_ADRESL                            (abs)        000FC3
_PORTBbits                         (abs)        000F81
_PORTD                             (abs)        000F83
_PORTEbits                         (abs)        000F84
_TRISA                             (abs)        000F92
_TRISB                             (abs)        000F93
_TRISC                             (abs)        000F94
_TRISD                             (abs)        000F95
_TRISE                             (abs)        000F96
__CFG_BOREN$OFF                    (abs)        000000
__CFG_BORV$3                       (abs)        000000
__CFG_CCP2MX$PORTC                 (abs)        000000
__CFG_CP0$OFF                      (abs)        000000
__CFG_CP1$OFF                      (abs)        000000
__CFG_CP2$OFF                      (abs)        000000
__CFG_CP3$OFF                      (abs)        000000
__CFG_CPB$OFF                      (abs)        000000
__CFG_CPD$OFF                      (abs)        000000
__CFG_EBTR0$OFF                    (abs)        000000
__CFG_EBTR1$OFF                    (abs)        000000
__CFG_EBTR2$OFF                    (abs)        000000
__CFG_EBTR3$OFF                    (abs)        000000
__CFG_EBTRB$OFF                    (abs)        000000
__CFG_FCMEN$OFF                    (abs)        000000
__CFG_IESO$OFF                     (abs)        000000
__CFG_LPT1OSC$OFF                  (abs)        000000
__CFG_LVP$OFF                      (abs)        000000
__CFG_MCLRE$ON                     (abs)        000000
__CFG_OSC$HSPLL                    (abs)        000000
__CFG_PBADEN$OFF                   (abs)        000000
__CFG_PWRT$ON                      (abs)        000000
__CFG_STVREN$OFF                   (abs)        000000
__CFG_WDT$OFF                      (abs)        000000
__CFG_WDTPS$32768                  (abs)        000000
__CFG_WRT0$OFF                     (abs)        000000
__CFG_WRT1$OFF                     (abs)        000000
__CFG_WRT2$OFF                     (abs)        000000
__CFG_WRT3$OFF                     (abs)        000000
__CFG_WRTB$OFF                     (abs)        000000
__CFG_WRTC$OFF                     (abs)        000000
__CFG_WRTD$OFF                     (abs)        000000
__CFG_XINST$OFF                    (abs)        000000
__HRAM                             (abs)        000000
__Habs1                            abs1         000000
__Hbank0                           bank0        000000
__Hbank1                           bank1        000000
__Hbank10                          bank10       000000
__Hbank11                          bank11       000000
__Hbank12                          bank12       000000
__Hbank13                          bank13       000000
__Hbank14                          bank14       000000
__Hbank15                          bank15       000000
__Hbank2                           bank2        000000
__Hbank3                           bank3        000000
__Hbank4                           bank4        000000
__Hbank5                           bank5        000000
__Hbank6                           bank6        000000
__Hbank7                           bank7        000000
__Hbank8                           bank8        000000
__Hbank9                           bank9        000000
__Hbigbss                          bigbss       000000
__Hbigdata                         bigdata      000000
__Hbigram                          bigram       000000
__Hbss                             bss          000000
__HbssCOMRAM                       bssCOMRAM    000000
__Hcinit                           cinit        000000
__Hclrtext                         clrtext      000000
__Hcomram                          comram       000000
__Hconfig                          config       30000E
__Hconst                           const        000000
__HcstackCOMRAM                    cstackCOMRAM 000000
__Hdata                            data         000000
__Heeprom_data                     eeprom_data  000000
__Hfarbss                          farbss       000000
__Hfardata                         fardata      000000
__Hibigdata                        ibigdata     000000
__Hidata                           idata        000000
__Hidloc                           idloc        200008
__Hifardata                        ifardata     000000
__Hinit                            init         000004
__Hintcode                         intcode      000000
__Hintcode_body                    intcode_body 000000
__Hintcodelo                       intcodelo    000000
__Hintentry                        intentry     000000
__Hintret                          intret       000000
__Hintsave_regs                    intsave_regs 000000
__Hirdata                          irdata       000000
__Hmediumconst                     mediumconst  010000
__HnvFARRAM                        nvFARRAM     000000
__Hnvbit                           nvbit        000000
__Hnvrram                          nvrram       000000
__Hparam                           rparam       000000
__Hpowerup                         powerup      000000
__Hram                             ram          000000
__Hramtop                          ramtop       001000
__Hrbit                            rbit         000000
__Hrbss                            rbss         000000
__Hrdata                           rdata        000000
__Hreset_vec                       reset_vec    000000
__Hrparam                          rparam       000000
__Hsfr                             sfr          000000
__Hsmallconst                      smallconst   000000
__Hspace_0                         (abs)        30000E
__Hspace_1                         (abs)        00002B
__Hspace_2                         (abs)        000000
__Hstack                           stack        000000
__Hstruct                          struct       000000
__Htemp                            temp         000000
__Htext                            text         000000
__Htext0                           text0        000000
__Htext1                           text1        000000
__Htext10                          text10       000000
__Htext11                          text11       000000
__Htext12                          text12       000000
__Htext13                          text13       000000
__Htext14                          text14       000000
__Htext15                          text15       000000
__Htext16                          text16       000000
__Htext17                          text17       000000
__Htext18                          text18       000000
__Htext19                          text19       000000
__Htext2                           text2        000000
__Htext20                          text20       000000
__Htext21                          text21       000000
__Htext22                          text22       000000
__Htext23                          text23       000000
__Htext24                          text24       000000
__Htext25                          text25       000000
__Htext26                          text26       000000
__Htext27                          text27       000000
__Htext3                           text3        000000
__Htext4                           text4        000000
__Htext5                           text5        000000
__Htext6                           text6        000000
__Htext7                           text7        000000
__Htext8                           text8        000000
__Htext9                           text9        000000
__LRAM                             (abs)        000001
__Labs1                            abs1         000000
__Lbank0                           bank0        000000
__Lbank1                           bank1        000000
__Lbank10                          bank10       000000
__Lbank11                          bank11       000000
__Lbank12                          bank12       000000
__Lbank13                          bank13       000000
__Lbank14                          bank14       000000
__Lbank15                          bank15       000000
__Lbank2                           bank2        000000
__Lbank3                           bank3        000000
__Lbank4                           bank4        000000
__Lbank5                           bank5        000000
__Lbank6                           bank6        000000
__Lbank7                           bank7        000000
__Lbank8                           bank8        000000
__Lbank9                           bank9        000000
__Lbigbss                          bigbss       000000
__Lbigdata                         bigdata      000000
__Lbigram                          bigram       000000
__Lbss                             bss          000000
__LbssCOMRAM                       bssCOMRAM    000000
__Lcinit                           cinit        000000
__Lclrtext                         clrtext      000000
__Lcomram                          comram       000000
__Lconfig                          config       300000
__Lconst                           const        000000
__LcstackCOMRAM                    cstackCOMRAM 000000
__Ldata                            data         000000
__Leeprom_data                     eeprom_data  000000
__Lfarbss                          farbss       000000
__Lfardata                         fardata      000000
__Libigdata                        ibigdata     000000
__Lidata                           idata        000000
__Lidloc                           idloc        200000
__Lifardata                        ifardata     000000
__Linit                            init         000000
__Lintcode                         intcode      000000
__Lintcode_body                    intcode_body 000000
__Lintcodelo                       intcodelo    000000
__Lintentry                        intentry     000000
__Lintret                          intret       000000
__Lintsave_regs                    intsave_regs 000000
__Lirdata                          irdata       000000
__Lmediumconst                     mediumconst  00FEFA
__LnvFARRAM                        nvFARRAM     000000
__Lnvbit                           nvbit        000000
__Lnvrram                          nvrram       000000
__Lparam                           rparam       000000
__Lpowerup                         powerup      000000
__Lram                             ram          000000
__Lramtop                          ramtop       001000
__Lrbit                            rbit         000000
__Lrbss                            rbss         000000
__Lrdata                           rdata        000000
__Lreset_vec                       reset_vec    000000
__Lrparam                          rparam       000000
__Lsfr                             sfr          000000
__Lsmallconst                      smallconst   000000
__Lspace_0                         (abs)        000000
__Lspace_1                         (abs)        000000
__Lspace_2                         (abs)        000000
__Lstack                           stack        000000
__Lstruct                          struct       000000
__Ltemp                            temp         000000
__Ltext                            text         000000
__Ltext0                           text0        000000
__Ltext1                           text1        000000
__Ltext10                          text10       000000
__Ltext11                          text11       000000
__Ltext12                          text12       000000
__Ltext13                          text13       000000
__Ltext14                          text14       000000
__Ltext15                          text15       000000
__Ltext16                          text16       000000
__Ltext17                          text17       000000
__Ltext18                          text18       000000
__Ltext19                          text19       000000
__Ltext2                           text2        000000
__Ltext20                          text20       000000
__Ltext21                          text21       000000
__Ltext22                          text22       000000
__Ltext23                          text23       000000
__Ltext24                          text24       000000
__Ltext25                          text25       000000
__Ltext26                          text26       000000
__Ltext27                          text27       000000
__Ltext3                           text3        000000
__Ltext4                           text4        000000
__Ltext5                           text5        000000
__Ltext6                           text6        000000
__Ltext7                           text7        000000
__Ltext8                           text8        000000
__Ltext9                           text9        000000
__S0                               (abs)        30000E
__S1                               (abs)        00002B
__S2                               (abs)        000000
___awdiv                           text12       00FC04
___awdiv@counter                   cstackCOMRAM 000005
___awdiv@dividend                  cstackCOMRAM 000001
___awdiv@divisor                   cstackCOMRAM 000003
___awdiv@quotient                  cstackCOMRAM 000007
___awdiv@sign                      cstackCOMRAM 000006
___awmod                           text11       00F9EE
___awmod@counter                   cstackCOMRAM 000005
___awmod@dividend                  cstackCOMRAM 000001
___awmod@divisor                   cstackCOMRAM 000003
___awmod@sign                      cstackCOMRAM 000006
___inthi_sp                        stack        000000
___intlo_sp                        stack        000000
___param_bank                      (abs)        000000
___rparam_used                     (abs)        000001
___sp                              stack        000000
__accesstop                        (abs)        000080
__activetblptr                     (abs)        000002
__end_of___awdiv                   text12       00FCC8
__end_of___awmod                   text11       00FA9E
__end_of__initialization           cinit        00F1E4
__end_of_changeProgram             text27       00FDAE
__end_of_clearMaskFromNthPosition  text5        00F268
__end_of_convertIntoToBCD          text10       00F224
__end_of_convertValueToGrayCode    text15       00F1B4
__end_of_delay                     text26       00F2F4
__end_of_getGeneratedValue         text3        00F2AC
__end_of_intToBinary               text22       00F340
__end_of_isProgramInterupted       text21       00F558
__end_of_lcd_cmd                   text24       00F1C6
__end_of_lcd_dat                   text20       00F1D8
__end_of_lcd_init                  text23       00F4E6
__end_of_lcd_str                   text19       00F390
__end_of_lcd_wr                    text25       00F1AA
__end_of_main                      text0        00F434
__end_of_nextSnake                 text7        00F48A
__end_of_printMask                 text18       00FC04
__end_of_runSubProgram             text1        00FB50
__end_of_subProgram1               text17       00F9EE
__end_of_subProgram2               text16       00F93E
__end_of_subProgram3               text14       00F738
__end_of_subProgram4               text13       00F68C
__end_of_subProgram5               text9        00F7E4
__end_of_subProgram6               text8        00F890
__end_of_subProgram7               text6        00F5E2
__end_of_subProgram8               text4        00FEFA
__end_of_subProgram9               text2        00F3E2
__initialization                   cinit        00F1D8
__mediumconst                      mediumconst  00FEFA
__pbssCOMRAM                       bssCOMRAM    00001C
__pcinit                           cinit        00F1D8
__pcstackCOMRAM                    cstackCOMRAM 000001
__pmediumconst                     mediumconst  00FEFA
__ptext0                           text0        00F3E2
__ptext1                           text1        00FA9E
__ptext10                          text10       00F1EE
__ptext11                          text11       00F9EE
__ptext12                          text12       00FC04
__ptext13                          text13       00F5E2
__ptext14                          text14       00F68C
__ptext15                          text15       00F1AA
__ptext16                          text16       00F890
__ptext17                          text17       00F93E
__ptext18                          text18       00FB50
__ptext19                          text19       00F340
__ptext2                           text2        00F390
__ptext20                          text20       00F1C6
__ptext21                          text21       00F4E6
__ptext22                          text22       00F2F4
__ptext23                          text23       00F48A
__ptext24                          text24       00F1B4
__ptext25                          text25       00F1A2
__ptext26                          text26       00F2AC
__ptext27                          text27       00FCC8
__ptext3                           text3        00F268
__ptext4                           text4        00FDAE
__ptext5                           text5        00F224
__ptext6                           text6        00F558
__ptext7                           text7        00F434
__ptext8                           text8        00F7E4
__ptext9                           text9        00F738
__ramtop                           ramtop       001000
__size_of___awdiv                  (abs)        000000
__size_of___awmod                  (abs)        000000
__size_of_changeProgram            (abs)        000000
__size_of_clearMaskFromNthPosition (abs)        000000
__size_of_convertIntoToBCD         (abs)        000000
__size_of_convertValueToGrayCode   (abs)        000000
__size_of_delay                    (abs)        000000
__size_of_getGeneratedValue        (abs)        000000
__size_of_intToBinary              (abs)        000000
__size_of_isProgramInterupted      (abs)        000000
__size_of_lcd_cmd                  (abs)        000000
__size_of_lcd_dat                  (abs)        000000
__size_of_lcd_init                 (abs)        000000
__size_of_lcd_str                  (abs)        000000
__size_of_lcd_wr                   (abs)        000000
__size_of_main                     (abs)        000000
__size_of_nextSnake                (abs)        000000
__size_of_printMask                (abs)        000000
__size_of_runSubProgram            (abs)        000000
__size_of_subProgram1              (abs)        000000
__size_of_subProgram2              (abs)        000000
__size_of_subProgram3              (abs)        000000
__size_of_subProgram4              (abs)        000000
__size_of_subProgram5              (abs)        000000
__size_of_subProgram6              (abs)        000000
__size_of_subProgram7              (abs)        000000
__size_of_subProgram8              (abs)        000000
__size_of_subProgram9              (abs)        000000
__smallconst                       smallconst   000000
_changeProgram                     text27       00FCC8
_clearMaskFromNthPosition          text5        00F224
_convertIntoToBCD                  text10       00F1EE
_convertValueToGrayCode            text15       00F1AA
_delay                             text26       00F2AC
_direction                         bssCOMRAM    00002A
_getGeneratedValue                 text3        00F268
_intToBinary                       text22       00F2F4
_isProgramInterupted               text21       00F4E6
_lcd_cmd                           text24       00F1B4
_lcd_dat                           text20       00F1C6
_lcd_init                          text23       00F48A
_lcd_str                           text19       00F340
_lcd_wr                            text25       00F1A2
_main                              text0        00F3E2
_nextSnake                         text7        00F434
_potentiomer1value                 bssCOMRAM    000022
_potentiomer2value                 bssCOMRAM    00001C
_potentiometr                      bssCOMRAM    000028
_printMask                         text18       00FB50
_runSubProgram                     text1        00FA9E
_subProgram1                       text17       00F93E
_subProgram2                       text16       00F890
_subProgram3                       text14       00F68C
_subProgram4                       text13       00F5E2
_subProgram5                       text9        00F738
_subProgram6                       text8        00F7E4
_subProgram7                       text6        00F558
_subProgram8                       text4        00FDAE
_subProgram9                       text2        00F390
changeProgram@i                    cstackCOMRAM 000005
changeProgram@program              cstackCOMRAM 000001
clearMaskFromNthPosition@i         cstackCOMRAM 000005
clearMaskFromNthPosition@mask      cstackCOMRAM 000001
clearMaskFromNthPosition@position  cstackCOMRAM 000003
convertIntoToBCD@counter           cstackCOMRAM 00000B
convertValueToGrayCode@value       cstackCOMRAM 000001
delay@i                            cstackCOMRAM 000003
delay@j                            cstackCOMRAM 000005
delay@ms                           cstackCOMRAM 000001
end_of_initialization              cinit        00F1E4
getGeneratedValue@fifthBit         cstackCOMRAM 000004
getGeneratedValue@firstBit         cstackCOMRAM 000002
getGeneratedValue@rolledSeed       cstackCOMRAM 000001
getGeneratedValue@secondBit        cstackCOMRAM 000003
getGeneratedValue@seed             cstackCOMRAM 000007
getGeneratedValue@sixthBit         cstackCOMRAM 000005
getGeneratedValue@xoredBits        cstackCOMRAM 000006
intToBinary@buffor                 cstackCOMRAM 000001
intToBinary@i                      cstackCOMRAM 000006
intToBinary@value                  cstackCOMRAM 000003
intlevel0                          text         000000
intlevel1                          text         000000
intlevel2                          text         000000
intlevel3                          text         000000
isProgramInterupted@i              cstackCOMRAM 000003
lcd_cmd@val                        cstackCOMRAM 000002
lcd_dat@val                        cstackCOMRAM 000002
lcd_str@i                          cstackCOMRAM 000007
lcd_str@str                        cstackCOMRAM 000003
lcd_wr@val                         cstackCOMRAM 000001
main@program                       cstackCOMRAM 00001A
nextSnake@result                   cstackCOMRAM 000002
nextSnake@snake                    cstackCOMRAM 000001
printMask@mask                     cstackCOMRAM 000001
printMask@value                    cstackCOMRAM 000003
runSubProgram@program              cstackCOMRAM 000016
stackhi                            (abs)        000F7F
stacklo                            (abs)        000080
start                              init         000000
start_initialization               cinit        00F1D8
subProgram1@binBuffer              cstackCOMRAM 000008
subProgram1@counter                cstackCOMRAM 000010
subProgram2@binBuffer              cstackCOMRAM 000008
subProgram2@counter                cstackCOMRAM 000010
subProgram3@binBuffer              cstackCOMRAM 000008
subProgram3@counter                cstackCOMRAM 000011
subProgram3@counterDisplay         cstackCOMRAM 000010
subProgram4@binBuffer              cstackCOMRAM 000008
subProgram4@counter                cstackCOMRAM 000011
subProgram4@counterDisplay         cstackCOMRAM 000010
subProgram5@binBuffer              cstackCOMRAM 00000C
subProgram5@counter                cstackCOMRAM 000015
subProgram5@counterDisplay         cstackCOMRAM 000014
subProgram6@binBuffer              cstackCOMRAM 00000C
subProgram6@counter                cstackCOMRAM 000015
subProgram6@counterDisplay         cstackCOMRAM 000014
subProgram7@binBuffer              cstackCOMRAM 000008
subProgram7@counterDisplay         cstackCOMRAM 000010
subProgram7@snake                  cstackCOMRAM 000011
subProgram8@i                      cstackCOMRAM 000013
subProgram8@j                      cstackCOMRAM 000011
subProgram8@mask                   cstackCOMRAM 000009
subProgram9@binBuffer              cstackCOMRAM 000008
subProgram9@seed                   cstackCOMRAM 000010


FUNCTION INFORMATION:

 *************** function _main *****************
 Defined at:
		line 649 in file "main.c"
 Parameters:    Size  Location     Type
		None
 Auto vars:     Size  Location     Type
  program         2   25[COMRAM] unsigned int 
 Return value:  Size  Location     Type
                  1    wreg      void 
 Registers used:
		wreg, fsr2l, fsr2h, status,2, status,0, tblptrl, tblptrh, tblptru, prodl, prodh, cstack
 Tracked objects:
		On entry : 
		On exit  : 
		Unchanged: 
 Data sizes:     COMRAM   BANK0   BANK1   BANK2   BANK3   BANK4   BANK5   BANK6   BANK7   BANK8   BANK9  BANK10  BANK11  BANK12  BANK13  BANK14  BANK15
      Params:         0       0       0       0       0       0       0       0       0       0       0       0       0       0       0       0       0
      Locals:         2       0       0       0       0       0       0       0       0       0       0       0       0       0       0       0       0
      Temps:          0       0       0       0       0       0       0       0       0       0       0       0       0       0       0       0       0
      Totals:         2       0       0       0       0       0       0       0       0       0       0       0       0       0       0       0       0
Total ram usage:        2 bytes
 Hardware stack levels required when called:    5
 This function calls:
		_changeProgram
		_lcd_cmd
		_lcd_init
		_runSubProgram
 This function is called by:
		Startup code after reset
 This function uses a non-reentrant model


 *************** function _runSubProgram *****************
 Defined at:
		line 559 in file "main.c"
 Parameters:    Size  Location     Type
  program         2   21[COMRAM] unsigned int 
 Auto vars:     Size  Location     Type
		None
 Return value:  Size  Location     Type
                  1    wreg      void 
 Registers used:
		wreg, fsr2l, fsr2h, status,2, status,0, tblptrl, tblptrh, tblptru, prodl, prodh, cstack
 Tracked objects:
		On entry : 
		On exit  : 
		Unchanged: 
 Data sizes:     COMRAM   BANK0   BANK1   BANK2   BANK3   BANK4   BANK5   BANK6   BANK7   BANK8   BANK9  BANK10  BANK11  BANK12  BANK13  BANK14  BANK15
      Params:         2       0       0       0       0       0       0       0       0       0       0       0       0       0       0       0       0
      Locals:         0       0       0       0       0       0       0       0       0       0       0       0       0       0       0       0       0
      Temps:          2       0       0       0       0       0       0       0       0       0       0       0       0       0       0       0       0
      Totals:         4       0       0       0       0       0       0       0       0       0       0       0       0       0       0       0       0
Total ram usage:        4 bytes
 Hardware stack levels used:    1
 Hardware stack levels required when called:    4
 This function calls:
		_subProgram1
		_subProgram2
		_subProgram3
		_subProgram4
		_subProgram5
		_subProgram6
		_subProgram7
		_subProgram8
		_subProgram9
 This function is called by:
		_main
 This function uses a non-reentrant model


 *************** function _subProgram9 *****************
 Defined at:
		line 539 in file "main.c"
 Parameters:    Size  Location     Type
		None
 Auto vars:     Size  Location     Type
  binBuffer       8    7[COMRAM] unsigned char [8]
  seed            1   15[COMRAM] unsigned char 
 Return value:  Size  Location     Type
                  1    wreg      void 
 Registers used:
		wreg, fsr2l, fsr2h, status,2, status,0, tblptrl, tblptrh, tblptru, prodl, prodh, cstack
 Tracked objects:
		On entry : 
		On exit  : 
		Unchanged: 
 Data sizes:     COMRAM   BANK0   BANK1   BANK2   BANK3   BANK4   BANK5   BANK6   BANK7   BANK8   BANK9  BANK10  BANK11  BANK12  BANK13  BANK14  BANK15
      Params:         0       0       0       0       0       0       0       0       0       0       0       0       0       0       0       0       0
      Locals:         9       0       0       0       0       0       0       0       0       0       0       0       0       0       0       0       0
      Temps:          0       0       0       0       0       0       0       0       0       0       0       0       0       0       0       0       0
      Totals:         9       0       0       0       0       0       0       0       0       0       0       0       0       0       0       0       0
Total ram usage:        9 bytes
 Hardware stack levels used:    1
 Hardware stack levels required when called:    3
 This function calls:
		_delay
		_getGeneratedValue
		_intToBinary
		_lcd_cmd
		_lcd_str
		_printMask
 This function is called by:
		_runSubProgram
 This function uses a non-reentrant model


 *************** function _getGeneratedValue *****************
 Defined at:
		line 522 in file "main.c"
 Parameters:    Size  Location     Type
  seed            1    wreg     unsigned char 
 Auto vars:     Size  Location     Type
  seed            1    6[COMRAM] unsigned char 
  xoredBits       1    5[COMRAM] unsigned char 
  sixthBit        1    4[COMRAM] unsigned char 
  fifthBit        1    3[COMRAM] unsigned char 
  secondBit       1    2[COMRAM] unsigned char 
  firstBit        1    1[COMRAM] unsigned char 
  rolledSeed      1    0[COMRAM] unsigned char 
 Return value:  Size  Location     Type
                  1    wreg      unsigned char 
 Registers used:
		wreg, status,2, status,0
 Tracked objects:
		On entry : 
		On exit  : 
		Unchanged: 
 Data sizes:     COMRAM   BANK0   BANK1   BANK2   BANK3   BANK4   BANK5   BANK6   BANK7   BANK8   BANK9  BANK10  BANK11  BANK12  BANK13  BANK14  BANK15
      Params:         0       0       0       0       0       0       0       0       0       0       0       0       0       0       0       0       0
      Locals:         7       0       0       0       0       0       0       0       0       0       0       0       0       0       0       0       0
      Temps:          0       0       0       0       0       0       0       0       0       0       0       0       0       0       0       0       0
      Totals:         7       0       0       0       0       0       0       0       0       0       0       0       0       0       0       0       0
Total ram usage:        7 bytes
 Hardware stack levels used:    1
 This function calls:
		Nothing
 This function is called by:
		_subProgram9
 This function uses a non-reentrant model


 *************** function _subProgram8 *****************
 Defined at:
		line 485 in file "main.c"
 Parameters:    Size  Location     Type
		None
 Auto vars:     Size  Location     Type
  i               2   18[COMRAM] int 
  j               2   16[COMRAM] int 
  mask            8    8[COMRAM] unsigned char [8]
 Return value:  Size  Location     Type
                  1    wreg      void 
 Registers used:
		wreg, fsr2l, fsr2h, status,2, status,0, tblptrl, tblptrh, tblptru, prodl, prodh, cstack
 Tracked objects:
		On entry : 
		On exit  : 
		Unchanged: 
 Data sizes:     COMRAM   BANK0   BANK1   BANK2   BANK3   BANK4   BANK5   BANK6   BANK7   BANK8   BANK9  BANK10  BANK11  BANK12  BANK13  BANK14  BANK15
      Params:         0       0       0       0       0       0       0       0       0       0       0       0       0       0       0       0       0
      Locals:        12       0       0       0       0       0       0       0       0       0       0       0       0       0       0       0       0
      Temps:          1       0       0       0       0       0       0       0       0       0       0       0       0       0       0       0       0
      Totals:        13       0       0       0       0       0       0       0       0       0       0       0       0       0       0       0       0
Total ram usage:       13 bytes
 Hardware stack levels used:    1
 Hardware stack levels required when called:    3
 This function calls:
		_clearMaskFromNthPosition
		_delay
		_isProgramInterupted
		_lcd_cmd
		_lcd_str
		_printMask
 This function is called by:
		_runSubProgram
 This function uses a non-reentrant model


 *************** function _clearMaskFromNthPosition *****************
 Defined at:
		line 478 in file "main.c"
 Parameters:    Size  Location     Type
  mask            2    0[COMRAM] PTR unsigned char 
		 -> subProgram8@mask(8), 
  position        2    2[COMRAM] int 
 Auto vars:     Size  Location     Type
  i               2    4[COMRAM] int 
 Return value:  Size  Location     Type
                  1    wreg      void 
 Registers used:
		wreg, fsr2l, fsr2h, status,2, status,0
 Tracked objects:
		On entry : 
		On exit  : 
		Unchanged: 
 Data sizes:     COMRAM   BANK0   BANK1   BANK2   BANK3   BANK4   BANK5   BANK6   BANK7   BANK8   BANK9  BANK10  BANK11  BANK12  BANK13  BANK14  BANK15
      Params:         4       0       0       0       0       0       0       0       0       0       0       0       0       0       0       0       0
      Locals:         2       0       0       0       0       0       0       0       0       0       0       0       0       0       0       0       0
      Temps:          0       0       0       0       0       0       0       0       0       0       0       0       0       0       0       0       0
      Totals:         6       0       0       0       0       0       0       0       0       0       0       0       0       0       0       0       0
Total ram usage:        6 bytes
 Hardware stack levels used:    1
 This function calls:
		Nothing
 This function is called by:
		_subProgram8
 This function uses a non-reentrant model


 *************** function _subProgram7 *****************
 Defined at:
		line 451 in file "main.c"
 Parameters:    Size  Location     Type
		None
 Auto vars:     Size  Location     Type
  binBuffer       8    7[COMRAM] unsigned char [8]
  snake           1   16[COMRAM] unsigned char 
  counterDispl    1   15[COMRAM] unsigned char 
 Return value:  Size  Location     Type
                  1    wreg      void 
 Registers used:
		wreg, fsr2l, fsr2h, status,2, status,0, tblptrl, tblptrh, tblptru, prodl, prodh, cstack
 Tracked objects:
		On entry : 
		On exit  : 
		Unchanged: 
 Data sizes:     COMRAM   BANK0   BANK1   BANK2   BANK3   BANK4   BANK5   BANK6   BANK7   BANK8   BANK9  BANK10  BANK11  BANK12  BANK13  BANK14  BANK15
      Params:         0       0       0       0       0       0       0       0       0       0       0       0       0       0       0       0       0
      Locals:        10       0       0       0       0       0       0       0       0       0       0       0       0       0       0       0       0
      Temps:          0       0       0       0       0       0       0       0       0       0       0       0       0       0       0       0       0
      Totals:        10       0       0       0       0       0       0       0       0       0       0       0       0       0       0       0       0
Total ram usage:       10 bytes
 Hardware stack levels used:    1
 Hardware stack levels required when called:    3
 This function calls:
		_delay
		_intToBinary
		_isProgramInterupted
		_lcd_cmd
		_lcd_str
		_nextSnake
		_printMask
 This function is called by:
		_runSubProgram
 This function uses a non-reentrant model


 *************** function _nextSnake *****************
 Defined at:
		line 432 in file "main.c"
 Parameters:    Size  Location     Type
  snake           1    wreg     unsigned char 
 Auto vars:     Size  Location     Type
  snake           1    0[COMRAM] unsigned char 
  result          1    1[COMRAM] unsigned char 
 Return value:  Size  Location     Type
                  1    wreg      unsigned char 
 Registers used:
		wreg, status,2, status,0
 Tracked objects:
		On entry : 
		On exit  : 
		Unchanged: 
 Data sizes:     COMRAM   BANK0   BANK1   BANK2   BANK3   BANK4   BANK5   BANK6   BANK7   BANK8   BANK9  BANK10  BANK11  BANK12  BANK13  BANK14  BANK15
      Params:         0       0       0       0       0       0       0       0       0       0       0       0       0       0       0       0       0
      Locals:         2       0       0       0       0       0       0       0       0       0       0       0       0       0       0       0       0
      Temps:          0       0       0       0       0       0       0       0       0       0       0       0       0       0       0       0       0
      Totals:         2       0       0       0       0       0       0       0       0       0       0       0       0       0       0       0       0
Total ram usage:        2 bytes
 Hardware stack levels used:    1
 This function calls:
		Nothing
 This function is called by:
		_subProgram7
 This function uses a non-reentrant model


 *************** function _subProgram6 *****************
 Defined at:
		line 400 in file "main.c"
 Parameters:    Size  Location     Type
		None
 Auto vars:     Size  Location     Type
  binBuffer       8   11[COMRAM] unsigned char [8]
  counter         1   20[COMRAM] unsigned char 
  counterDispl    1   19[COMRAM] unsigned char 
 Return value:  Size  Location     Type
                  1    wreg      void 
 Registers used:
		wreg, fsr2l, fsr2h, status,2, status,0, tblptrl, tblptrh, tblptru, prodl, prodh, cstack
 Tracked objects:
		On entry : 
		On exit  : 
		Unchanged: 
 Data sizes:     COMRAM   BANK0   BANK1   BANK2   BANK3   BANK4   BANK5   BANK6   BANK7   BANK8   BANK9  BANK10  BANK11  BANK12  BANK13  BANK14  BANK15
      Params:         0       0       0       0       0       0       0       0       0       0       0       0       0       0       0       0       0
      Locals:        10       0       0       0       0       0       0       0       0       0       0       0       0       0       0       0       0
      Temps:          0       0       0       0       0       0       0       0       0       0       0       0       0       0       0       0       0
      Totals:        10       0       0       0       0       0       0       0       0       0       0       0       0       0       0       0       0
Total ram usage:       10 bytes
 Hardware stack levels used:    1
 Hardware stack levels required when called:    3
 This function calls:
		_convertIntoToBCD
		_delay
		_intToBinary
		_isProgramInterupted
		_lcd_cmd
		_lcd_str
		_printMask
 This function is called by:
		_runSubProgram
 This function uses a non-reentrant model


 *************** function _subProgram5 *****************
 Defined at:
		line 368 in file "main.c"
 Parameters:    Size  Location     Type
		None
 Auto vars:     Size  Location     Type
  binBuffer       8   11[COMRAM] unsigned char [8]
  counter         1   20[COMRAM] unsigned char 
  counterDispl    1   19[COMRAM] unsigned char 
 Return value:  Size  Location     Type
                  1    wreg      void 
 Registers used:
		wreg, fsr2l, fsr2h, status,2, status,0, tblptrl, tblptrh, tblptru, prodl, prodh, cstack
 Tracked objects:
		On entry : 
		On exit  : 
		Unchanged: 
 Data sizes:     COMRAM   BANK0   BANK1   BANK2   BANK3   BANK4   BANK5   BANK6   BANK7   BANK8   BANK9  BANK10  BANK11  BANK12  BANK13  BANK14  BANK15
      Params:         0       0       0       0       0       0       0       0       0       0       0       0       0       0       0       0       0
      Locals:        10       0       0       0       0       0       0       0       0       0       0       0       0       0       0       0       0
      Temps:          0       0       0       0       0       0       0       0       0       0       0       0       0       0       0       0       0
      Totals:        10       0       0       0       0       0       0       0       0       0       0       0       0       0       0       0       0
Total ram usage:       10 bytes
 Hardware stack levels used:    1
 Hardware stack levels required when called:    3
 This function calls:
		_convertIntoToBCD
		_delay
		_intToBinary
		_isProgramInterupted
		_lcd_cmd
		_lcd_str
		_printMask
 This function is called by:
		_runSubProgram
 This function uses a non-reentrant model


 *************** function _convertIntoToBCD *****************
 Defined at:
		line 363 in file "main.c"
 Parameters:    Size  Location     Type
  counter         1    wreg     unsigned char 
 Auto vars:     Size  Location     Type
  counter         1   10[COMRAM] unsigned char 
 Return value:  Size  Location     Type
                  1    wreg      unsigned char 
 Registers used:
		wreg, status,2, status,0, cstack
 Tracked objects:
		On entry : 
		On exit  : 
		Unchanged: 
 Data sizes:     COMRAM   BANK0   BANK1   BANK2   BANK3   BANK4   BANK5   BANK6   BANK7   BANK8   BANK9  BANK10  BANK11  BANK12  BANK13  BANK14  BANK15
      Params:         0       0       0       0       0       0       0       0       0       0       0       0       0       0       0       0       0
      Locals:         1       0       0       0       0       0       0       0       0       0       0       0       0       0       0       0       0
      Temps:          2       0       0       0       0       0       0       0       0       0       0       0       0       0       0       0       0
      Totals:         3       0       0       0       0       0       0       0       0       0       0       0       0       0       0       0       0
Total ram usage:        3 bytes
 Hardware stack levels used:    1
 Hardware stack levels required when called:    1
 This function calls:
		___awdiv
		___awmod
 This function is called by:
		_subProgram5
		_subProgram6
 This function uses a non-reentrant model


 *************** function ___awmod *****************
 Defined at:
		line 7 in file "/opt/microchip/xc8/v2.10/pic/sources/c99/common/awmod.c"
 Parameters:    Size  Location     Type
  dividend        2    0[COMRAM] int 
  divisor         2    2[COMRAM] int 
 Auto vars:     Size  Location     Type
  sign            1    5[COMRAM] unsigned char 
  counter         1    4[COMRAM] unsigned char 
 Return value:  Size  Location     Type
                  2    0[COMRAM] int 
 Registers used:
		wreg, status,2, status,0
 Tracked objects:
		On entry : 
		On exit  : 
		Unchanged: 
 Data sizes:     COMRAM   BANK0   BANK1   BANK2   BANK3   BANK4   BANK5   BANK6   BANK7   BANK8   BANK9  BANK10  BANK11  BANK12  BANK13  BANK14  BANK15
      Params:         4       0       0       0       0       0       0       0       0       0       0       0       0       0       0       0       0
      Locals:         2       0       0       0       0       0       0       0       0       0       0       0       0       0       0       0       0
      Temps:          0       0       0       0       0       0       0       0       0       0       0       0       0       0       0       0       0
      Totals:         6       0       0       0       0       0       0       0       0       0       0       0       0       0       0       0       0
Total ram usage:        6 bytes
 Hardware stack levels used:    1
 This function calls:
		Nothing
 This function is called by:
		_convertIntoToBCD
		_cprog_itos
 This function uses a non-reentrant model


 *************** function ___awdiv *****************
 Defined at:
		line 7 in file "/opt/microchip/xc8/v2.10/pic/sources/c99/common/awdiv.c"
 Parameters:    Size  Location     Type
  dividend        2    0[COMRAM] int 
  divisor         2    2[COMRAM] int 
 Auto vars:     Size  Location     Type
  quotient        2    6[COMRAM] int 
  sign            1    5[COMRAM] unsigned char 
  counter         1    4[COMRAM] unsigned char 
 Return value:  Size  Location     Type
                  2    0[COMRAM] int 
 Registers used:
		wreg, status,2, status,0
 Tracked objects:
		On entry : 
		On exit  : 
		Unchanged: 
 Data sizes:     COMRAM   BANK0   BANK1   BANK2   BANK3   BANK4   BANK5   BANK6   BANK7   BANK8   BANK9  BANK10  BANK11  BANK12  BANK13  BANK14  BANK15
      Params:         4       0       0       0       0       0       0       0       0       0       0       0       0       0       0       0       0
      Locals:         4       0       0       0       0       0       0       0       0       0       0       0       0       0       0       0       0
      Temps:          0       0       0       0       0       0       0       0       0       0       0       0       0       0       0       0       0
      Totals:         8       0       0       0       0       0       0       0       0       0       0       0       0       0       0       0       0
Total ram usage:        8 bytes
 Hardware stack levels used:    1
 This function calls:
		Nothing
 This function is called by:
		_convertIntoToBCD
		_cprog_itos
 This function uses a non-reentrant model


 *************** function _subProgram4 *****************
 Defined at:
		line 331 in file "main.c"
 Parameters:    Size  Location     Type
		None
 Auto vars:     Size  Location     Type
  binBuffer       8    7[COMRAM] unsigned char [8]
  counter         1   16[COMRAM] unsigned char 
  counterDispl    1   15[COMRAM] unsigned char 
 Return value:  Size  Location     Type
                  1    wreg      void 
 Registers used:
		wreg, fsr2l, fsr2h, status,2, status,0, tblptrl, tblptrh, tblptru, prodl, prodh, cstack
 Tracked objects:
		On entry : 
		On exit  : 
		Unchanged: 
 Data sizes:     COMRAM   BANK0   BANK1   BANK2   BANK3   BANK4   BANK5   BANK6   BANK7   BANK8   BANK9  BANK10  BANK11  BANK12  BANK13  BANK14  BANK15
      Params:         0       0       0       0       0       0       0       0       0       0       0       0       0       0       0       0       0
      Locals:        10       0       0       0       0       0       0       0       0       0       0       0       0       0       0       0       0
      Temps:          0       0       0       0       0       0       0       0       0       0       0       0       0       0       0       0       0
      Totals:        10       0       0       0       0       0       0       0       0       0       0       0       0       0       0       0       0
Total ram usage:       10 bytes
 Hardware stack levels used:    1
 Hardware stack levels required when called:    3
 This function calls:
		_convertValueToGrayCode
		_delay
		_intToBinary
		_isProgramInterupted
		_lcd_cmd
		_lcd_str
		_printMask
 This function is called by:
		_runSubProgram
 This function uses a non-reentrant model


 *************** function _subProgram3 *****************
 Defined at:
		line 299 in file "main.c"
 Parameters:    Size  Location     Type
		None
 Auto vars:     Size  Location     Type
  binBuffer       8    7[COMRAM] unsigned char [8]
  counter         1   16[COMRAM] unsigned char 
  counterDispl    1   15[COMRAM] unsigned char 
 Return value:  Size  Location     Type
                  1    wreg      void 
 Registers used:
		wreg, fsr2l, fsr2h, status,2, status,0, tblptrl, tblptrh, tblptru, prodl, prodh, cstack
 Tracked objects:
		On entry : 
		On exit  : 
		Unchanged: 
 Data sizes:     COMRAM   BANK0   BANK1   BANK2   BANK3   BANK4   BANK5   BANK6   BANK7   BANK8   BANK9  BANK10  BANK11  BANK12  BANK13  BANK14  BANK15
      Params:         0       0       0       0       0       0       0       0       0       0       0       0       0       0       0       0       0
      Locals:        10       0       0       0       0       0       0       0       0       0       0       0       0       0       0       0       0
      Temps:          0       0       0       0       0       0       0       0       0       0       0       0       0       0       0       0       0
      Totals:        10       0       0       0       0       0       0       0       0       0       0       0       0       0       0       0       0
Total ram usage:       10 bytes
 Hardware stack levels used:    1
 Hardware stack levels required when called:    3
 This function calls:
		_convertValueToGrayCode
		_delay
		_intToBinary
		_isProgramInterupted
		_lcd_cmd
		_lcd_str
		_printMask
 This function is called by:
		_runSubProgram
 This function uses a non-reentrant model


 *************** function _convertValueToGrayCode *****************
 Defined at:
		line 294 in file "main.c"
 Parameters:    Size  Location     Type
  value           1    wreg     unsigned char 
 Auto vars:     Size  Location     Type
  value           1    0[COMRAM] unsigned char 
 Return value:  Size  Location     Type
                  1    wreg      unsigned char 
 Registers used:
		wreg, status,2, status,0
 Tracked objects:
		On entry : 
		On exit  : 
		Unchanged: 
 Data sizes:     COMRAM   BANK0   BANK1   BANK2   BANK3   BANK4   BANK5   BANK6   BANK7   BANK8   BANK9  BANK10  BANK11  BANK12  BANK13  BANK14  BANK15
      Params:         0       0       0       0       0       0       0       0       0       0       0       0       0       0       0       0       0
      Locals:         1       0       0       0       0       0       0       0       0       0       0       0       0       0       0       0       0
      Temps:          0       0       0       0       0       0       0       0       0       0       0       0       0       0       0       0       0
      Totals:         1       0       0       0       0       0       0       0       0       0       0       0       0       0       0       0       0
Total ram usage:        1 bytes
 Hardware stack levels used:    1
 This function calls:
		Nothing
 This function is called by:
		_subProgram3
		_subProgram4
 This function uses a non-reentrant model


 *************** function _subProgram2 *****************
 Defined at:
		line 264 in file "main.c"
 Parameters:    Size  Location     Type
		None
 Auto vars:     Size  Location     Type
  binBuffer       8    7[COMRAM] unsigned char [8]
  counter         1   15[COMRAM] unsigned char 
 Return value:  Size  Location     Type
                  1    wreg      void 
 Registers used:
		wreg, fsr2l, fsr2h, status,2, status,0, tblptrl, tblptrh, tblptru, prodl, prodh, cstack
 Tracked objects:
		On entry : 
		On exit  : 
		Unchanged: 
 Data sizes:     COMRAM   BANK0   BANK1   BANK2   BANK3   BANK4   BANK5   BANK6   BANK7   BANK8   BANK9  BANK10  BANK11  BANK12  BANK13  BANK14  BANK15
      Params:         0       0       0       0       0       0       0       0       0       0       0       0       0       0       0       0       0
      Locals:         9       0       0       0       0       0       0       0       0       0       0       0       0       0       0       0       0
      Temps:          0       0       0       0       0       0       0       0       0       0       0       0       0       0       0       0       0
      Totals:         9       0       0       0       0       0       0       0       0       0       0       0       0       0       0       0       0
Total ram usage:        9 bytes
 Hardware stack levels used:    1
 Hardware stack levels required when called:    3
 This function calls:
		_delay
		_intToBinary
		_isProgramInterupted
		_lcd_cmd
		_lcd_str
		_printMask
 This function is called by:
		_runSubProgram
 This function uses a non-reentrant model


 *************** function _subProgram1 *****************
 Defined at:
		line 234 in file "main.c"
 Parameters:    Size  Location     Type
		None
 Auto vars:     Size  Location     Type
  binBuffer       8    7[COMRAM] unsigned char [8]
  counter         1   15[COMRAM] unsigned char 
 Return value:  Size  Location     Type
                  1    wreg      void 
 Registers used:
		wreg, fsr2l, fsr2h, status,2, status,0, tblptrl, tblptrh, tblptru, prodl, prodh, cstack
 Tracked objects:
		On entry : 
		On exit  : 
		Unchanged: 
 Data sizes:     COMRAM   BANK0   BANK1   BANK2   BANK3   BANK4   BANK5   BANK6   BANK7   BANK8   BANK9  BANK10  BANK11  BANK12  BANK13  BANK14  BANK15
      Params:         0       0       0       0       0       0       0       0       0       0       0       0       0       0       0       0       0
      Locals:         9       0       0       0       0       0       0       0       0       0       0       0       0       0       0       0       0
      Temps:          0       0       0       0       0       0       0       0       0       0       0       0       0       0       0       0       0
      Totals:         9       0       0       0       0       0       0       0       0       0       0       0       0       0       0       0       0
Total ram usage:        9 bytes
 Hardware stack levels used:    1
 Hardware stack levels required when called:    3
 This function calls:
		_delay
		_intToBinary
		_isProgramInterupted
		_lcd_cmd
		_lcd_str
		_printMask
 This function is called by:
		_runSubProgram
 This function uses a non-reentrant model


 *************** function _printMask *****************
 Defined at:
		line 91 in file "main.c"
 Parameters:    Size  Location     Type
  mask            2    0[COMRAM] PTR unsigned char 
		 -> subProgram9@binBuffer(8), subProgram8@mask(8), subProgram7@binBuffer(8), subProgram6@binBuffer(8), 
		 -> subProgram5@binBuffer(8), subProgram4@binBuffer(8), subProgram3@binBuffer(8), subProgram2@binBuffer(8), 
		 -> subProgram1@binBuffer(8), 
 Auto vars:     Size  Location     Type
  value           1    2[COMRAM] unsigned char 
 Return value:  Size  Location     Type
                  1    wreg      void 
 Registers used:
		wreg, fsr2l, fsr2h, status,2, status,0, prodl, prodh
 Tracked objects:
		On entry : 
		On exit  : 
		Unchanged: 
 Data sizes:     COMRAM   BANK0   BANK1   BANK2   BANK3   BANK4   BANK5   BANK6   BANK7   BANK8   BANK9  BANK10  BANK11  BANK12  BANK13  BANK14  BANK15
      Params:         2       0       0       0       0       0       0       0       0       0       0       0       0       0       0       0       0
      Locals:         1       0       0       0       0       0       0       0       0       0       0       0       0       0       0       0       0
      Temps:          0       0       0       0       0       0       0       0       0       0       0       0       0       0       0       0       0
      Totals:         3       0       0       0       0       0       0       0       0       0       0       0       0       0       0       0       0
Total ram usage:        3 bytes
 Hardware stack levels used:    1
 This function calls:
		Nothing
 This function is called by:
		_subProgram1
		_subProgram2
		_subProgram3
		_subProgram4
		_subProgram5
		_subProgram6
		_subProgram7
		_subProgram8
		_subProgram9
 This function uses a non-reentrant model


 *************** function _lcd_str *****************
 Defined at:
		line 223 in file "main.c"
 Parameters:    Size  Location     Type
  str             2    2[COMRAM] PTR const unsigned char 
		 -> STR_17(16), STR_16(14), STR_15(16), STR_14(16), 
		 -> STR_13(14), STR_12(16), STR_11(14), STR_10(16), 
		 -> STR_9(14), STR_8(16), STR_7(14), STR_6(16), 
		 -> STR_5(14), STR_4(16), STR_3(14), STR_2(16), 
 Auto vars:     Size  Location     Type
  i               1    6[COMRAM] unsigned char 
 Return value:  Size  Location     Type
                  1    wreg      void 
 Registers used:
		wreg, status,2, status,0, tblptrl, tblptrh, tblptru, cstack
 Tracked objects:
		On entry : 
		On exit  : 
		Unchanged: 
 Data sizes:     COMRAM   BANK0   BANK1   BANK2   BANK3   BANK4   BANK5   BANK6   BANK7   BANK8   BANK9  BANK10  BANK11  BANK12  BANK13  BANK14  BANK15
      Params:         2       0       0       0       0       0       0       0       0       0       0       0       0       0       0       0       0
      Locals:         1       0       0       0       0       0       0       0       0       0       0       0       0       0       0       0       0
      Temps:          2       0       0       0       0       0       0       0       0       0       0       0       0       0       0       0       0
      Totals:         5       0       0       0       0       0       0       0       0       0       0       0       0       0       0       0       0
Total ram usage:        5 bytes
 Hardware stack levels used:    1
 Hardware stack levels required when called:    2
 This function calls:
		_lcd_dat
 This function is called by:
		_subProgram1
		_subProgram2
		_subProgram3
		_subProgram4
		_subProgram5
		_subProgram6
		_subProgram7
		_subProgram8
		_subProgram9
 This function uses a non-reentrant model


 *************** function _lcd_dat *****************
 Defined at:
		line 193 in file "main.c"
 Parameters:    Size  Location     Type
  val             1    wreg     unsigned char 
 Auto vars:     Size  Location     Type
  val             1    1[COMRAM] unsigned char 
 Return value:  Size  Location     Type
                  1    wreg      void 
 Registers used:
		wreg, status,2, cstack
 Tracked objects:
		On entry : 
		On exit  : 
		Unchanged: 
 Data sizes:     COMRAM   BANK0   BANK1   BANK2   BANK3   BANK4   BANK5   BANK6   BANK7   BANK8   BANK9  BANK10  BANK11  BANK12  BANK13  BANK14  BANK15
      Params:         0       0       0       0       0       0       0       0       0       0       0       0       0       0       0       0       0
      Locals:         1       0       0       0       0       0       0       0       0       0       0       0       0       0       0       0       0
      Temps:          0       0       0       0       0       0       0       0       0       0       0       0       0       0       0       0       0
      Totals:         1       0       0       0       0       0       0       0       0       0       0       0       0       0       0       0       0
Total ram usage:        1 bytes
 Hardware stack levels used:    1
 Hardware stack levels required when called:    1
 This function calls:
		_lcd_wr
 This function is called by:
		_lcd_str
 This function uses a non-reentrant model


 *************** function _isProgramInterupted *****************
 Defined at:
		line 600 in file "main.c"
 Parameters:    Size  Location     Type
		None
 Auto vars:     Size  Location     Type
  i               2    2[COMRAM] unsigned int 
 Return value:  Size  Location     Type
                  2    0[COMRAM] int 
 Registers used:
		wreg, status,2, status,0
 Tracked objects:
		On entry : 
		On exit  : 
		Unchanged: 
 Data sizes:     COMRAM   BANK0   BANK1   BANK2   BANK3   BANK4   BANK5   BANK6   BANK7   BANK8   BANK9  BANK10  BANK11  BANK12  BANK13  BANK14  BANK15
      Params:         2       0       0       0       0       0       0       0       0       0       0       0       0       0       0       0       0
      Locals:         2       0       0       0       0       0       0       0       0       0       0       0       0       0       0       0       0
      Temps:          0       0       0       0       0       0       0       0       0       0       0       0       0       0       0       0       0
      Totals:         4       0       0       0       0       0       0       0       0       0       0       0       0       0       0       0       0
Total ram usage:        4 bytes
 Hardware stack levels used:    1
 This function calls:
		Nothing
 This function is called by:
		_subProgram1
		_subProgram2
		_subProgram3
		_subProgram4
		_subProgram5
		_subProgram6
		_subProgram7
		_subProgram8
 This function uses a non-reentrant model


 *************** function _intToBinary *****************
 Defined at:
		line 81 in file "main.c"
 Parameters:    Size  Location     Type
  buffor          2    0[COMRAM] PTR unsigned char 
		 -> subProgram9@binBuffer(8), subProgram7@binBuffer(8), subProgram6@binBuffer(8), subProgram5@binBuffer(8), 
		 -> subProgram4@binBuffer(8), subProgram3@binBuffer(8), subProgram2@binBuffer(8), subProgram1@binBuffer(8), 
  value           1    2[COMRAM] unsigned char 
 Auto vars:     Size  Location     Type
  i               2    5[COMRAM] short 
 Return value:  Size  Location     Type
                  1    wreg      void 
 Registers used:
		wreg, fsr2l, fsr2h, status,2, status,0
 Tracked objects:
		On entry : 
		On exit  : 
		Unchanged: 
 Data sizes:     COMRAM   BANK0   BANK1   BANK2   BANK3   BANK4   BANK5   BANK6   BANK7   BANK8   BANK9  BANK10  BANK11  BANK12  BANK13  BANK14  BANK15
      Params:         3       0       0       0       0       0       0       0       0       0       0       0       0       0       0       0       0
      Locals:         2       0       0       0       0       0       0       0       0       0       0       0       0       0       0       0       0
      Temps:          2       0       0       0       0       0       0       0       0       0       0       0       0       0       0       0       0
      Totals:         7       0       0       0       0       0       0       0       0       0       0       0       0       0       0       0       0
Total ram usage:        7 bytes
 Hardware stack levels used:    1
 This function calls:
		Nothing
 This function is called by:
		_subProgram1
		_subProgram2
		_subProgram3
		_subProgram4
		_subProgram5
		_subProgram6
		_subProgram7
		_subProgram9
 This function uses a non-reentrant model


 *************** function _lcd_init *****************
 Defined at:
		line 204 in file "main.c"
 Parameters:    Size  Location     Type
		None
 Auto vars:     Size  Location     Type
		None
 Return value:  Size  Location     Type
                  1    wreg      void 
 Registers used:
		wreg, status,2, status,0, cstack
 Tracked objects:
		On entry : 
		On exit  : 
		Unchanged: 
 Data sizes:     COMRAM   BANK0   BANK1   BANK2   BANK3   BANK4   BANK5   BANK6   BANK7   BANK8   BANK9  BANK10  BANK11  BANK12  BANK13  BANK14  BANK15
      Params:         0       0       0       0       0       0       0       0       0       0       0       0       0       0       0       0       0
      Locals:         0       0       0       0       0       0       0       0       0       0       0       0       0       0       0       0       0
      Temps:          0       0       0       0       0       0       0       0       0       0       0       0       0       0       0       0       0
      Totals:         0       0       0       0       0       0       0       0       0       0       0       0       0       0       0       0       0
Total ram usage:        0 bytes
 Hardware stack levels used:    1
 Hardware stack levels required when called:    2
 This function calls:
		_delay
		_lcd_cmd
 This function is called by:
		_main
 This function uses a non-reentrant model


 *************** function _lcd_cmd *****************
 Defined at:
		line 182 in file "main.c"
 Parameters:    Size  Location     Type
  val             1    wreg     unsigned char 
 Auto vars:     Size  Location     Type
  val             1    1[COMRAM] unsigned char 
 Return value:  Size  Location     Type
                  1    wreg      void 
 Registers used:
		wreg, status,2, cstack
 Tracked objects:
		On entry : 
		On exit  : 
		Unchanged: 
 Data sizes:     COMRAM   BANK0   BANK1   BANK2   BANK3   BANK4   BANK5   BANK6   BANK7   BANK8   BANK9  BANK10  BANK11  BANK12  BANK13  BANK14  BANK15
      Params:         0       0       0       0       0       0       0       0       0       0       0       0       0       0       0       0       0
      Locals:         1       0       0       0       0       0       0       0       0       0       0       0       0       0       0       0       0
      Temps:          0       0       0       0       0       0       0       0       0       0       0       0       0       0       0       0       0
      Totals:         1       0       0       0       0       0       0       0       0       0       0       0       0       0       0       0       0
Total ram usage:        1 bytes
 Hardware stack levels used:    1
 Hardware stack levels required when called:    1
 This function calls:
		_lcd_wr
 This function is called by:
		_lcd_init
		_subProgram1
		_subProgram2
		_subProgram3
		_subProgram4
		_subProgram5
		_subProgram6
		_subProgram7
		_subProgram8
		_subProgram9
		_main
 This function uses a non-reentrant model


 *************** function _lcd_wr *****************
 Defined at:
		line 177 in file "main.c"
 Parameters:    Size  Location     Type
  val             1    wreg     unsigned char 
 Auto vars:     Size  Location     Type
  val             1    0[COMRAM] unsigned char 
 Return value:  Size  Location     Type
                  1    wreg      void 
 Registers used:
		wreg
 Tracked objects:
		On entry : 
		On exit  : 
		Unchanged: 
 Data sizes:     COMRAM   BANK0   BANK1   BANK2   BANK3   BANK4   BANK5   BANK6   BANK7   BANK8   BANK9  BANK10  BANK11  BANK12  BANK13  BANK14  BANK15
      Params:         0       0       0       0       0       0       0       0       0       0       0       0       0       0       0       0       0
      Locals:         1       0       0       0       0       0       0       0       0       0       0       0       0       0       0       0       0
      Temps:          0       0       0       0       0       0       0       0       0       0       0       0       0       0       0       0       0
      Totals:         1       0       0       0       0       0       0       0       0       0       0       0       0       0       0       0       0
Total ram usage:        1 bytes
 Hardware stack levels used:    1
 This function calls:
		Nothing
 This function is called by:
		_lcd_cmd
		_lcd_dat
 This function uses a non-reentrant model


 *************** function _delay *****************
 Defined at:
		line 143 in file "main.c"
 Parameters:    Size  Location     Type
  ms              2    0[COMRAM] unsigned int 
 Auto vars:     Size  Location     Type
  i               2    2[COMRAM] unsigned int 
  j               1    4[COMRAM] unsigned char 
 Return value:  Size  Location     Type
                  1    wreg      void 
 Registers used:
		wreg, status,2, status,0
 Tracked objects:
		On entry : 
		On exit  : 
		Unchanged: 
 Data sizes:     COMRAM   BANK0   BANK1   BANK2   BANK3   BANK4   BANK5   BANK6   BANK7   BANK8   BANK9  BANK10  BANK11  BANK12  BANK13  BANK14  BANK15
      Params:         2       0       0       0       0       0       0       0       0       0       0       0       0       0       0       0       0
      Locals:         3       0       0       0       0       0       0       0       0       0       0       0       0       0       0       0       0
      Temps:          0       0       0       0       0       0       0       0       0       0       0       0       0       0       0       0       0
      Totals:         5       0       0       0       0       0       0       0       0       0       0       0       0       0       0       0       0
Total ram usage:        5 bytes
 Hardware stack levels used:    1
 This function calls:
		Nothing
 This function is called by:
		_lcd_init
		_subProgram1
		_subProgram2
		_subProgram3
		_subProgram4
		_subProgram5
		_subProgram6
		_subProgram7
		_subProgram8
		_subProgram9
 This function uses a non-reentrant model


 *************** function _changeProgram *****************
 Defined at:
		line 617 in file "main.c"
 Parameters:    Size  Location     Type
  program         2    0[COMRAM] PTR unsigned int 
		 -> main@program(2), 
 Auto vars:     Size  Location     Type
  i               2    4[COMRAM] unsigned int 
 Return value:  Size  Location     Type
                  1    wreg      void 
 Registers used:
		wreg, fsr2l, fsr2h, status,2, status,0
 Tracked objects:
		On entry : 
		On exit  : 
		Unchanged: 
 Data sizes:     COMRAM   BANK0   BANK1   BANK2   BANK3   BANK4   BANK5   BANK6   BANK7   BANK8   BANK9  BANK10  BANK11  BANK12  BANK13  BANK14  BANK15
      Params:         2       0       0       0       0       0       0       0       0       0       0       0       0       0       0       0       0
      Locals:         2       0       0       0       0       0       0       0       0       0       0       0       0       0       0       0       0
      Temps:          2       0       0       0       0       0       0       0       0       0       0       0       0       0       0       0       0
      Totals:         6       0       0       0       0       0       0       0       0       0       0       0       0       0       0       0       0
Total ram usage:        6 bytes
 Hardware stack levels used:    1
 This function calls:
		Nothing
 This function is called by:
		_main
 This function uses a non-reentrant model



MODULE INFORMATION

Module		Function		Class		Link	Load	Size
/opt/microchip/xc8/v2.10/pic/sources/c99/common/awmod.c
		___awmod       		CODE           	F9EE	0000	177

/opt/microchip/xc8/v2.10/pic/sources/c99/common/awmod.c estimated size: 177

/opt/microchip/xc8/v2.10/pic/sources/c99/common/awdiv.c
		___awdiv       		CODE           	FC04	0000	197

/opt/microchip/xc8/v2.10/pic/sources/c99/common/awdiv.c estimated size: 197

shared
		__initialization		CODE           	F1D8	0000	13

shared estimated size: 13

main.c
		_delay         		CODE           	F2AC	0000	73
		_lcd_cmd       		CODE           	F1B4	0000	19
		_lcd_dat       		CODE           	F1C6	0000	19
		_main          		CODE           	F3E2	0000	83
		_getGeneratedValue		CODE           	F268	0000	69
		_nextSnake     		CODE           	F434	0000	87
		_lcd_wr        		CODE           	F1A2	0000	9
		_convertIntoToBCD		CODE           	F1EE	0000	55
		_subProgram1   		CODE           	F93E	0000	177
		_subProgram2   		CODE           	F890	0000	175
		_subProgram3   		CODE           	F68C	0000	173
		_subProgram4   		CODE           	F5E2	0000	171
		_subProgram5   		CODE           	F738	0000	173
		_subProgram6   		CODE           	F7E4	0000	173
		_subProgram7   		CODE           	F558	0000	139
		_subProgram8   		CODE           	FDAE	0000	333
		_subProgram9   		CODE           	F390	0000	83
		_changeProgram 		CODE           	FCC8	0000	231
		_runSubProgram 		CODE           	FA9E	0000	179
		_clearMaskFromNthPosition		CODE           	F224	0000	69
		_isProgramInterupted		CODE           	F4E6	0000	115
		_intToBinary   		CODE           	F2F4	0000	77
		_printMask     		CODE           	FB50	0000	181
		_convertValueToGrayCode		CODE           	F1AA	0000	11
		_lcd_str       		CODE           	F340	0000	81
		_lcd_init      		CODE           	F48A	0000	93

main.c estimated size: 3048

