Microchip MPLAB XC8 Compiler V2.10 ()

Linker command line:

-W-3 --edf=/opt/microchip/xc8/v2.10/pic/dat/en_msgs.txt -cs \
  -h+dist/default/production/zadanie5.X.production.sym \
  --cmf=dist/default/production/zadanie5.X.production.cmf -z -Q18F4620 \
  -o/tmp/xcXSJxrd0 --defsym=__MPLAB_BUILD=1 \
  -Mdist/default/production/zadanie5.X.production.map -E1 -ver=XC8 \
  --acfsm=1493 -ASTACK=080h-0F7Fh -pstack=STACK -ACODE=00h-0FFFFh \
  -ACONST=00h-0FFFFh -ASMALLCONST=01000h-010FFhx240 \
  -AMEDIUMCONST=01000h-0FFFFh -ACOMRAM=01h-07Fh -AABS1=00h-0F7Fh \
  -ABIGRAM=01h-0F7Fh -ARAM=080h-0FFh,0100h-01FFhx14,0F00h-0F7Fh \
  -ABANK0=080h-0FFh -ABANK1=0100h-01FFh -ABANK2=0200h-02FFh \
  -ABANK3=0300h-03FFh -ABANK4=0400h-04FFh -ABANK5=0500h-05FFh \
  -ABANK6=0600h-06FFh -ABANK7=0700h-07FFh -ABANK8=0800h-08FFh \
  -ABANK9=0900h-09FFh -ABANK10=0A00h-0AFFh -ABANK11=0B00h-0BFFh \
  -ABANK12=0C00h-0CFFh -ABANK13=0D00h-0DFFh -ABANK14=0E00h-0EFFh \
  -ABANK15=0F00h-0F7Fh -ASFR=0F80h-0FFFh \
  -preset_vec=00h,intcode,intcodelo,powerup,init -pramtop=01000h \
  -psmallconst=SMALLCONST -pmediumconst=MEDIUMCONST -pconst=CONST \
  -AFARRAM=00h-00h -ACONFIG=0300000h-030000Dh -pconfig=CONFIG \
  -AIDLOC=0200000h-0200007h -pidloc=IDLOC -AEEDATA=0F00000h-0F003FFh \
  -peeprom_data=EEDATA \
  -prdata=COMRAM,nvrram=COMRAM,nvbit=COMRAM,rbss=COMRAM,rbit=COMRAM \
  -pfarbss=FARRAM,fardata=FARRAM,nvFARRAM=FARRAM \
  -pintsave_regs=BIGRAM,bigbss=BIGRAM,bigdata=BIGRAM -pbss=RAM \
  -pidata=CODE,irdata=CODE,ibigdata=CODE,ifardata=CODE -prparam=COMRAM \
  /tmp/xcXIq9H4z.o dist/default/production/zadanie5.X.production.o 

Object code version is 3.11

Machine type is 18F4620

Call graph: (short form)




                Name                               Link     Load   Length Selector   Space Scale
/tmp/xcXIq9H4z.o
                init                                  0        0        4        0       0
                idloc                            200000   200000        8   200000       0
                config                           300000   300000        E   300000       0
dist/default/production/zadanie5.X.production.o
                smallconst                         1000     1000       5C      800       0
                text17                             19DA     19DA       48      82E       0
                text16                             1ACA     1ACA        8      82E       0
                text15                             1AB8     1AB8       12      82E       0
                text14                             197E     197E       5C      82E       0
                text13                             156A     156A       C4      82E       0
                text12                             162E     162E       B0      82E       0
                text11                             1A22     1A22       40      82E       0
                text10                             1810     1810       7E      82E       0
                text9                              1228     1228      120      82E       0
                text8                              1AA6     1AA6       12      82E       0
                text7                              188E     188E       7C      82E       0
                text6                              105C     105C      1CC      82E       0
                text5                              1A62     1A62       2E      82E       0
                text4                              1348     1348      11E      82E       0
                text3                              190A     190A       74      82E       0
                text2                              1780     1780       90      82E       0
                text1                              1466     1466      104      82E       0
                text0                              16DE     16DE       A2      82E       0
                cstackCOMRAM                          1        1       2B        1       1
                bssCOMRAM                            2C       2C        C        1       1
                cinit                              1A90     1A90       16      82E       0

TOTAL           Name                               Link     Load   Length     Space
        CLASS   STACK          

        CLASS   CODE           
                init                                  0        0        4         0
                text17                             19DA     19DA       48         0
                text16                             1ACA     1ACA        8         0
                text15                             1AB8     1AB8       12         0
                text14                             197E     197E       5C         0
                text13                             156A     156A       C4         0
                text12                             162E     162E       B0         0
                text11                             1A22     1A22       40         0
                text10                             1810     1810       7E         0
                text9                              1228     1228      120         0
                text8                              1AA6     1AA6       12         0
                text7                              188E     188E       7C         0
                text6                              105C     105C      1CC         0
                text5                              1A62     1A62       2E         0
                text4                              1348     1348      11E         0
                text3                              190A     190A       74         0
                text2                              1780     1780       90         0
                text1                              1466     1466      104         0
                text0                              16DE     16DE       A2         0
                cinit                              1A90     1A90       16         0

        CLASS   CONST          

        CLASS   SMALLCONST     
                smallconst                         1000     1000       5C         0

        CLASS   MEDIUMCONST    

        CLASS   COMRAM         
                cstackCOMRAM                          1        1       2B         1
                bssCOMRAM                            2C       2C        C         1

        CLASS   ABS1           

        CLASS   BIGRAM         

        CLASS   RAM            

        CLASS   BANK0          

        CLASS   BANK1          

        CLASS   BANK2          

        CLASS   BANK3          

        CLASS   BANK4          

        CLASS   BANK5          

        CLASS   BANK6          

        CLASS   BANK7          

        CLASS   BANK8          

        CLASS   BANK9          

        CLASS   BANK10         

        CLASS   BANK11         

        CLASS   BANK12         

        CLASS   BANK13         

        CLASS   BANK14         

        CLASS   BANK15         

        CLASS   SFR            

        CLASS   FARRAM         

        CLASS   CONFIG         
                config                           300000   300000        E         0

        CLASS   IDLOC          
                idloc                            200000   200000        8         0

        CLASS   EEDATA         



SEGMENTS        Name                           Load    Length   Top    Selector   Space  Class

                reset_vec                      000000  000004  000004         0       0  CODE    
                cstackCOMRAM                   000001  000037  000038         1       1  COMRAM  
                smallconst                     001000  00005C  00105C       800       0  SMALLCON
                text6                          00105C  000A76  001AD2       82E       0  CODE    
                idloc                          200000  000008  200008    200000       0  IDLOC   
                config                         300000  00000E  30000E    300000       0  CONFIG  


UNUSED ADDRESS RANGES

        Name                Unused          Largest block    Delta
        BANK0            000080-0000FF               80
        BANK1            000100-0001FF              100
        BANK10           000A00-000AFF              100
        BANK11           000B00-000BFF              100
        BANK12           000C00-000CFF              100
        BANK13           000D00-000DFF              100
        BANK14           000E00-000EFF              100
        BANK15           000F00-000F7F               80
        BANK2            000200-0002FF              100
        BANK3            000300-0003FF              100
        BANK4            000400-0004FF              100
        BANK5            000500-0005FF              100
        BANK6            000600-0006FF              100
        BANK7            000700-0007FF              100
        BANK8            000800-0008FF              100
        BANK9            000900-0009FF              100
        BIGRAM           000038-000F7F              F48
        CODE             000004-000FFF              FFC
                         001AD2-00FFFF             E52E
        COMRAM           000038-00007F               48
        CONST            000004-000FFF              FFC
                         001AD2-00FFFF             E52E
        EEDATA           F00000-F003FF              400
        MEDIUMCONST      001AD2-00FFFF             E52E
        RAM              000080-000F7F              100
        SFR              000F80-000FFF               80
        SMALLCONST       001AD2-00FFFF              100
        STACK            000080-000F7F              F00

                                  Symbol Table

?___awdiv                        cstackCOMRAM 000001
?___awmod                        cstackCOMRAM 000001
?___lwdiv                        cstackCOMRAM 000008
?_abs                            cstackCOMRAM 000007
?_adc                            cstackCOMRAM 000001
?_cprog_strrev                   cstackCOMRAM 000001
_ADCON0                          (abs)        000FC2
_ADCON0bits                      (abs)        000FC2
_ADCON1                          (abs)        000FC1
_ADCON2                          (abs)        000FC0
_ADRESH                          (abs)        000FC4
_ADRESL                          (abs)        000FC3
_PORTBbits                       (abs)        000F81
_PORTD                           (abs)        000F83
_PORTEbits                       (abs)        000F84
_TRISA                           (abs)        000F92
_TRISB                           (abs)        000F93
_TRISC                           (abs)        000F94
_TRISD                           (abs)        000F95
_TRISE                           (abs)        000F96
__CFG_BOREN$OFF                  (abs)        000000
__CFG_BORV$3                     (abs)        000000
__CFG_CCP2MX$PORTC               (abs)        000000
__CFG_CP0$OFF                    (abs)        000000
__CFG_CP1$OFF                    (abs)        000000
__CFG_CP2$OFF                    (abs)        000000
__CFG_CP3$OFF                    (abs)        000000
__CFG_CPB$OFF                    (abs)        000000
__CFG_CPD$OFF                    (abs)        000000
__CFG_EBTR0$OFF                  (abs)        000000
__CFG_EBTR1$OFF                  (abs)        000000
__CFG_EBTR2$OFF                  (abs)        000000
__CFG_EBTR3$OFF                  (abs)        000000
__CFG_EBTRB$OFF                  (abs)        000000
__CFG_FCMEN$OFF                  (abs)        000000
__CFG_IESO$OFF                   (abs)        000000
__CFG_LPT1OSC$OFF                (abs)        000000
__CFG_LVP$OFF                    (abs)        000000
__CFG_MCLRE$ON                   (abs)        000000
__CFG_OSC$HSPLL                  (abs)        000000
__CFG_PBADEN$OFF                 (abs)        000000
__CFG_PWRT$ON                    (abs)        000000
__CFG_STVREN$OFF                 (abs)        000000
__CFG_WDT$OFF                    (abs)        000000
__CFG_WDTPS$32768                (abs)        000000
__CFG_WRT0$OFF                   (abs)        000000
__CFG_WRT1$OFF                   (abs)        000000
__CFG_WRT2$OFF                   (abs)        000000
__CFG_WRT3$OFF                   (abs)        000000
__CFG_WRTB$OFF                   (abs)        000000
__CFG_WRTC$OFF                   (abs)        000000
__CFG_WRTD$OFF                   (abs)        000000
__CFG_XINST$OFF                  (abs)        000000
__HRAM                           (abs)        000000
__Habs1                          abs1         000000
__Hbank0                         bank0        000000
__Hbank1                         bank1        000000
__Hbank10                        bank10       000000
__Hbank11                        bank11       000000
__Hbank12                        bank12       000000
__Hbank13                        bank13       000000
__Hbank14                        bank14       000000
__Hbank15                        bank15       000000
__Hbank2                         bank2        000000
__Hbank3                         bank3        000000
__Hbank4                         bank4        000000
__Hbank5                         bank5        000000
__Hbank6                         bank6        000000
__Hbank7                         bank7        000000
__Hbank8                         bank8        000000
__Hbank9                         bank9        000000
__Hbigbss                        bigbss       000000
__Hbigdata                       bigdata      000000
__Hbigram                        bigram       000000
__Hbss                           bss          000000
__HbssCOMRAM                     bssCOMRAM    000000
__Hcinit                         cinit        000000
__Hclrtext                       clrtext      000000
__Hcomram                        comram       000000
__Hconfig                        config       30000E
__Hconst                         const        000000
__HcstackCOMRAM                  cstackCOMRAM 000000
__Hdata                          data         000000
__Heeprom_data                   eeprom_data  000000
__Hfarbss                        farbss       000000
__Hfardata                       fardata      000000
__Hibigdata                      ibigdata     000000
__Hidata                         idata        000000
__Hidloc                         idloc        200008
__Hifardata                      ifardata     000000
__Hinit                          init         000004
__Hintcode                       intcode      000000
__Hintcode_body                  intcode_body 000000
__Hintcodelo                     intcodelo    000000
__Hintentry                      intentry     000000
__Hintret                        intret       000000
__Hintsave_regs                  intsave_regs 000000
__Hirdata                        irdata       000000
__Hmediumconst                   mediumconst  000000
__HnvFARRAM                      nvFARRAM     000000
__Hnvbit                         nvbit        000000
__Hnvrram                        nvrram       000000
__Hparam                         rparam       000000
__Hpowerup                       powerup      000000
__Hram                           ram          000000
__Hramtop                        ramtop       001000
__Hrbit                          rbit         000000
__Hrbss                          rbss         000000
__Hrdata                         rdata        000000
__Hreset_vec                     reset_vec    000000
__Hrparam                        rparam       000000
__Hsfr                           sfr          000000
__Hsmallconst                    smallconst   00105C
__Hspace_0                       (abs)        30000E
__Hspace_1                       (abs)        000038
__Hspace_2                       (abs)        000000
__Hstack                         stack        000000
__Hstruct                        struct       000000
__Htemp                          temp         000000
__Htext                          text         000000
__Htext0                         text0        000000
__Htext1                         text1        000000
__Htext10                        text10       000000
__Htext11                        text11       000000
__Htext12                        text12       000000
__Htext13                        text13       000000
__Htext14                        text14       000000
__Htext15                        text15       000000
__Htext16                        text16       000000
__Htext17                        text17       000000
__Htext2                         text2        000000
__Htext3                         text3        000000
__Htext4                         text4        000000
__Htext5                         text5        000000
__Htext6                         text6        000000
__Htext7                         text7        000000
__Htext8                         text8        000000
__Htext9                         text9        000000
__LRAM                           (abs)        000001
__Labs1                          abs1         000000
__Lbank0                         bank0        000000
__Lbank1                         bank1        000000
__Lbank10                        bank10       000000
__Lbank11                        bank11       000000
__Lbank12                        bank12       000000
__Lbank13                        bank13       000000
__Lbank14                        bank14       000000
__Lbank15                        bank15       000000
__Lbank2                         bank2        000000
__Lbank3                         bank3        000000
__Lbank4                         bank4        000000
__Lbank5                         bank5        000000
__Lbank6                         bank6        000000
__Lbank7                         bank7        000000
__Lbank8                         bank8        000000
__Lbank9                         bank9        000000
__Lbigbss                        bigbss       000000
__Lbigdata                       bigdata      000000
__Lbigram                        bigram       000000
__Lbss                           bss          000000
__LbssCOMRAM                     bssCOMRAM    000000
__Lcinit                         cinit        000000
__Lclrtext                       clrtext      000000
__Lcomram                        comram       000000
__Lconfig                        config       300000
__Lconst                         const        000000
__LcstackCOMRAM                  cstackCOMRAM 000000
__Ldata                          data         000000
__Leeprom_data                   eeprom_data  000000
__Lfarbss                        farbss       000000
__Lfardata                       fardata      000000
__Libigdata                      ibigdata     000000
__Lidata                         idata        000000
__Lidloc                         idloc        200000
__Lifardata                      ifardata     000000
__Linit                          init         000000
__Lintcode                       intcode      000000
__Lintcode_body                  intcode_body 000000
__Lintcodelo                     intcodelo    000000
__Lintentry                      intentry     000000
__Lintret                        intret       000000
__Lintsave_regs                  intsave_regs 000000
__Lirdata                        irdata       000000
__Lmediumconst                   mediumconst  000000
__LnvFARRAM                      nvFARRAM     000000
__Lnvbit                         nvbit        000000
__Lnvrram                        nvrram       000000
__Lparam                         rparam       000000
__Lpowerup                       powerup      000000
__Lram                           ram          000000
__Lramtop                        ramtop       001000
__Lrbit                          rbit         000000
__Lrbss                          rbss         000000
__Lrdata                         rdata        000000
__Lreset_vec                     reset_vec    000000
__Lrparam                        rparam       000000
__Lsfr                           sfr          000000
__Lsmallconst                    smallconst   001000
__Lspace_0                       (abs)        000000
__Lspace_1                       (abs)        000000
__Lspace_2                       (abs)        000000
__Lstack                         stack        000000
__Lstruct                        struct       000000
__Ltemp                          temp         000000
__Ltext                          text         000000
__Ltext0                         text0        000000
__Ltext1                         text1        000000
__Ltext10                        text10       000000
__Ltext11                        text11       000000
__Ltext12                        text12       000000
__Ltext13                        text13       000000
__Ltext14                        text14       000000
__Ltext15                        text15       000000
__Ltext16                        text16       000000
__Ltext17                        text17       000000
__Ltext2                         text2        000000
__Ltext3                         text3        000000
__Ltext4                         text4        000000
__Ltext5                         text5        000000
__Ltext6                         text6        000000
__Ltext7                         text7        000000
__Ltext8                         text8        000000
__Ltext9                         text9        000000
__S0                             (abs)        30000E
__S1                             (abs)        000038
__S2                             (abs)        000000
___awdiv                         text13       00156A
___awdiv@counter                 cstackCOMRAM 000005
___awdiv@dividend                cstackCOMRAM 000001
___awdiv@divisor                 cstackCOMRAM 000003
___awdiv@quotient                cstackCOMRAM 000007
___awdiv@sign                    cstackCOMRAM 000006
___awmod                         text12       00162E
___awmod@counter                 cstackCOMRAM 000005
___awmod@dividend                cstackCOMRAM 000001
___awmod@divisor                 cstackCOMRAM 000003
___awmod@sign                    cstackCOMRAM 000006
___inthi_sp                      stack        000000
___intlo_sp                      stack        000000
___lwdiv                         text3        00190A
___lwdiv@counter                 cstackCOMRAM 00000E
___lwdiv@dividend                cstackCOMRAM 000008
___lwdiv@divisor                 cstackCOMRAM 00000A
___lwdiv@quotient                cstackCOMRAM 00000C
___param_bank                    (abs)        000000
___rparam_used                   (abs)        000001
___sp                            stack        000000
__accesstop                      (abs)        000080
__activetblptr                   (abs)        000002
__end_of___awdiv                 text13       00162E
__end_of___awmod                 text12       0016DE
__end_of___lwdiv                 text3        00197E
__end_of__initialization         cinit        001A9C
__end_of_abs                     text11       001A62
__end_of_adc                     text2        001810
__end_of_cprog_itos              text9        001348
__end_of_cprog_strrev            text10       00188E
__end_of_delay                   text17       001A22
__end_of_lcd_cmd                 text15       001ACA
__end_of_lcd_dat                 text8        001AB8
__end_of_lcd_init                text14       0019DA
__end_of_lcd_str                 text7        00190A
__end_of_lcd_wr                  text16       001AD2
__end_of_main                    text0        001780
__end_of_printTime               text6        001228
__end_of_reduceTime              text4        001466
__end_of_updatePlayersTime       text5        001A90
__end_of_updateTimeRemainingSet  text1        00156A
__initialization                 cinit        001A90
__mediumconst                    mediumconst  000000
__pbssCOMRAM                     bssCOMRAM    00002C
__pcinit                         cinit        001A90
__pcstackCOMRAM                  cstackCOMRAM 000001
__psmallconst                    smallconst   001000
__ptext0                         text0        0016DE
__ptext1                         text1        001466
__ptext10                        text10       001810
__ptext11                        text11       001A22
__ptext12                        text12       00162E
__ptext13                        text13       00156A
__ptext14                        text14       00197E
__ptext15                        text15       001AB8
__ptext16                        text16       001ACA
__ptext17                        text17       0019DA
__ptext2                         text2        001780
__ptext3                         text3        00190A
__ptext4                         text4        001348
__ptext5                         text5        001A62
__ptext6                         text6        00105C
__ptext7                         text7        00188E
__ptext8                         text8        001AA6
__ptext9                         text9        001228
__ramtop                         ramtop       001000
__size_of___awdiv                (abs)        000000
__size_of___awmod                (abs)        000000
__size_of___lwdiv                (abs)        000000
__size_of_abs                    (abs)        000000
__size_of_adc                    (abs)        000000
__size_of_cprog_itos             (abs)        000000
__size_of_cprog_strrev           (abs)        000000
__size_of_delay                  (abs)        000000
__size_of_lcd_cmd                (abs)        000000
__size_of_lcd_dat                (abs)        000000
__size_of_lcd_init               (abs)        000000
__size_of_lcd_str                (abs)        000000
__size_of_lcd_wr                 (abs)        000000
__size_of_main                   (abs)        000000
__size_of_printTime              (abs)        000000
__size_of_reduceTime             (abs)        000000
__size_of_updatePlayersTime      (abs)        000000
__size_of_updateTimeRemainingSet (abs)        000000
__smallconst                     smallconst   001000
_abs                             text11       001A22
_adc                             text2        001780
_cprog_itos                      text9        001228
_cprog_strrev                    text10       001810
_delay                           text17       0019DA
_lcd_cmd                         text15       001AB8
_lcd_dat                         text8        001AA6
_lcd_init                        text14       00197E
_lcd_str                         text7        00188E
_lcd_wr                          text16       001ACA
_main                            text0        0016DE
_player1minutes                  bssCOMRAM    000036
_player1seconds                  bssCOMRAM    000034
_player2minutes                  bssCOMRAM    000032
_player2seconds                  bssCOMRAM    000030
_playerNumberTimeIsElapsing      bssCOMRAM    00002C
_printTime                       text6        00105C
_reduceTime                      text4        001348
_timeForGame                     bssCOMRAM    00002E
_updatePlayersTime               text5        001A62
_updateTimeRemainingSet          text1        001466
abs@a                            cstackCOMRAM 000007
adc@kanal                        cstackCOMRAM 000007
cprog_itos@buf                   cstackCOMRAM 00000B
cprog_itos@digits                cstackCOMRAM 000015
cprog_itos@n                     cstackCOMRAM 00001A
cprog_itos@radix                 cstackCOMRAM 00000F
cprog_itos@sign                  cstackCOMRAM 000017
cprog_itos@size                  cstackCOMRAM 00000D
cprog_itos@value                 cstackCOMRAM 000019
cprog_strrev@i                   cstackCOMRAM 000006
cprog_strrev@j                   cstackCOMRAM 000008
cprog_strrev@n                   cstackCOMRAM 000003
cprog_strrev@s                   cstackCOMRAM 000001
cprog_strrev@savev               cstackCOMRAM 000005
delay@i                          cstackCOMRAM 000003
delay@j                          cstackCOMRAM 000005
delay@ms                         cstackCOMRAM 000001
end_of_initialization            cinit        001A9C
intlevel0                        text         000000
intlevel1                        text         000000
intlevel2                        text         000000
intlevel3                        text         000000
lcd_cmd@val                      cstackCOMRAM 000002
lcd_dat@val                      cstackCOMRAM 000002
lcd_str@i                        cstackCOMRAM 000007
lcd_str@str                      cstackCOMRAM 000003
lcd_wr@val                       cstackCOMRAM 000001
printTime@player1minutesBuffer   cstackCOMRAM 00001C
printTime@player1secondsBuffer   cstackCOMRAM 000026
printTime@player2minutesBuffer   cstackCOMRAM 000021
printTime@player2secondsBuffer   cstackCOMRAM 000029
reduceTime@i                     cstackCOMRAM 000003
reduceTime@j                     cstackCOMRAM 000005
reduceTime@ms                    cstackCOMRAM 000001
stackhi                          (abs)        000F7F
stacklo                          (abs)        000080
start                            init         000000
start_initialization             cinit        001A90
updateTimeRemainingSet@time      cstackCOMRAM 000011


FUNCTION INFORMATION:

 *************** function _main *****************
 Defined at:
		line 387 in file "main.c"
 Parameters:    Size  Location     Type
		None
 Auto vars:     Size  Location     Type
		None
 Return value:  Size  Location     Type
                  1    wreg      void 
 Registers used:
		wreg, fsr1l, fsr1h, fsr2l, fsr2h, status,2, status,0, tblptrl, tblptrh, tblptru, cstack
 Tracked objects:
		On entry : 
		On exit  : 
		Unchanged: 
 Data sizes:     COMRAM   BANK0   BANK1   BANK2   BANK3   BANK4   BANK5   BANK6   BANK7   BANK8   BANK9  BANK10  BANK11  BANK12  BANK13  BANK14  BANK15
      Params:         0       0       0       0       0       0       0       0       0       0       0       0       0       0       0       0       0
      Locals:         0       0       0       0       0       0       0       0       0       0       0       0       0       0       0       0       0
      Temps:          0       0       0       0       0       0       0       0       0       0       0       0       0       0       0       0       0
      Totals:         0       0       0       0       0       0       0       0       0       0       0       0       0       0       0       0       0
Total ram usage:        0 bytes
 Hardware stack levels required when called:    4
 This function calls:
		_lcd_cmd
		_lcd_init
		_lcd_str
		_printTime
		_reduceTime
		_updatePlayersTime
		_updateTimeRemainingSet
 This function is called by:
		Startup code after reset
 This function uses a non-reentrant model


 *************** function _updateTimeRemainingSet *****************
 Defined at:
		line 349 in file "main.c"
 Parameters:    Size  Location     Type
		None
 Auto vars:     Size  Location     Type
  time            2   16[COMRAM] unsigned int 
 Return value:  Size  Location     Type
                  1    wreg      void 
 Registers used:
		wreg, status,2, status,0, cstack
 Tracked objects:
		On entry : 
		On exit  : 
		Unchanged: 
 Data sizes:     COMRAM   BANK0   BANK1   BANK2   BANK3   BANK4   BANK5   BANK6   BANK7   BANK8   BANK9  BANK10  BANK11  BANK12  BANK13  BANK14  BANK15
      Params:         0       0       0       0       0       0       0       0       0       0       0       0       0       0       0       0       0
      Locals:         2       0       0       0       0       0       0       0       0       0       0       0       0       0       0       0       0
      Temps:          2       0       0       0       0       0       0       0       0       0       0       0       0       0       0       0       0
      Totals:         4       0       0       0       0       0       0       0       0       0       0       0       0       0       0       0       0
Total ram usage:        4 bytes
 Hardware stack levels used:    1
 Hardware stack levels required when called:    1
 This function calls:
		___lwdiv
		_adc
 This function is called by:
		_main
 This function uses a non-reentrant model


 *************** function _adc *****************
 Defined at:
		line 85 in file "main.c"
 Parameters:    Size  Location     Type
  kanal           1    wreg     unsigned char 
 Auto vars:     Size  Location     Type
  kanal           1    6[COMRAM] unsigned char 
 Return value:  Size  Location     Type
                  2    0[COMRAM] unsigned int 
 Registers used:
		wreg, status,2, status,0
 Tracked objects:
		On entry : 
		On exit  : 
		Unchanged: 
 Data sizes:     COMRAM   BANK0   BANK1   BANK2   BANK3   BANK4   BANK5   BANK6   BANK7   BANK8   BANK9  BANK10  BANK11  BANK12  BANK13  BANK14  BANK15
      Params:         2       0       0       0       0       0       0       0       0       0       0       0       0       0       0       0       0
      Locals:         1       0       0       0       0       0       0       0       0       0       0       0       0       0       0       0       0
      Temps:          4       0       0       0       0       0       0       0       0       0       0       0       0       0       0       0       0
      Totals:         7       0       0       0       0       0       0       0       0       0       0       0       0       0       0       0       0
Total ram usage:        7 bytes
 Hardware stack levels used:    1
 This function calls:
		Nothing
 This function is called by:
		_updateTimeRemainingSet
 This function uses a non-reentrant model


 *************** function ___lwdiv *****************
 Defined at:
		line 7 in file "/opt/microchip/xc8/v2.10/pic/sources/c99/common/lwdiv.c"
 Parameters:    Size  Location     Type
  dividend        2    7[COMRAM] unsigned int 
  divisor         2    9[COMRAM] unsigned int 
 Auto vars:     Size  Location     Type
  quotient        2   11[COMRAM] unsigned int 
  counter         1   13[COMRAM] unsigned char 
 Return value:  Size  Location     Type
                  2    7[COMRAM] unsigned int 
 Registers used:
		wreg, status,2, status,0
 Tracked objects:
		On entry : 
		On exit  : 
		Unchanged: 
 Data sizes:     COMRAM   BANK0   BANK1   BANK2   BANK3   BANK4   BANK5   BANK6   BANK7   BANK8   BANK9  BANK10  BANK11  BANK12  BANK13  BANK14  BANK15
      Params:         4       0       0       0       0       0       0       0       0       0       0       0       0       0       0       0       0
      Locals:         3       0       0       0       0       0       0       0       0       0       0       0       0       0       0       0       0
      Temps:          0       0       0       0       0       0       0       0       0       0       0       0       0       0       0       0       0
      Totals:         7       0       0       0       0       0       0       0       0       0       0       0       0       0       0       0       0
Total ram usage:        7 bytes
 Hardware stack levels used:    1
 This function calls:
		Nothing
 This function is called by:
		_updateTimeRemainingSet
 This function uses a non-reentrant model


 *************** function _reduceTime *****************
 Defined at:
		line 160 in file "main.c"
 Parameters:    Size  Location     Type
  ms              2    0[COMRAM] unsigned int 
 Auto vars:     Size  Location     Type
  i               2    2[COMRAM] unsigned int 
  j               1    4[COMRAM] unsigned char 
 Return value:  Size  Location     Type
                  1    wreg      void 
 Registers used:
		wreg, status,2, status,0, cstack
 Tracked objects:
		On entry : 
		On exit  : 
		Unchanged: 
 Data sizes:     COMRAM   BANK0   BANK1   BANK2   BANK3   BANK4   BANK5   BANK6   BANK7   BANK8   BANK9  BANK10  BANK11  BANK12  BANK13  BANK14  BANK15
      Params:         2       0       0       0       0       0       0       0       0       0       0       0       0       0       0       0       0
      Locals:         3       0       0       0       0       0       0       0       0       0       0       0       0       0       0       0       0
      Temps:          0       0       0       0       0       0       0       0       0       0       0       0       0       0       0       0       0
      Totals:         5       0       0       0       0       0       0       0       0       0       0       0       0       0       0       0       0
Total ram usage:        5 bytes
 Hardware stack levels used:    1
 Hardware stack levels required when called:    1
 This function calls:
		_updatePlayersTime
 This function is called by:
		_main
 This function uses a non-reentrant model


 *************** function _updatePlayersTime *****************
 Defined at:
		line 147 in file "main.c"
 Parameters:    Size  Location     Type
		None
 Auto vars:     Size  Location     Type
		None
 Return value:  Size  Location     Type
                  1    wreg      void 
 Registers used:
		wreg, status,2
 Tracked objects:
		On entry : 
		On exit  : 
		Unchanged: 
 Data sizes:     COMRAM   BANK0   BANK1   BANK2   BANK3   BANK4   BANK5   BANK6   BANK7   BANK8   BANK9  BANK10  BANK11  BANK12  BANK13  BANK14  BANK15
      Params:         0       0       0       0       0       0       0       0       0       0       0       0       0       0       0       0       0
      Locals:         0       0       0       0       0       0       0       0       0       0       0       0       0       0       0       0       0
      Temps:          0       0       0       0       0       0       0       0       0       0       0       0       0       0       0       0       0
      Totals:         0       0       0       0       0       0       0       0       0       0       0       0       0       0       0       0       0
Total ram usage:        0 bytes
 Hardware stack levels used:    1
 This function calls:
		Nothing
 This function is called by:
		_reduceTime
		_main
 This function uses a non-reentrant model


 *************** function _printTime *****************
 Defined at:
		line 298 in file "main.c"
 Parameters:    Size  Location     Type
		None
 Auto vars:     Size  Location     Type
  player2minut    5   32[COMRAM] unsigned char [5]
  player1minut    5   27[COMRAM] unsigned char [5]
  player2secon    3   40[COMRAM] unsigned char [3]
  player1secon    3   37[COMRAM] unsigned char [3]
 Return value:  Size  Location     Type
                  1    wreg      void 
 Registers used:
		wreg, fsr1l, fsr1h, fsr2l, fsr2h, status,2, status,0, tblptrl, tblptrh, tblptru, cstack
 Tracked objects:
		On entry : 
		On exit  : 
		Unchanged: 
 Data sizes:     COMRAM   BANK0   BANK1   BANK2   BANK3   BANK4   BANK5   BANK6   BANK7   BANK8   BANK9  BANK10  BANK11  BANK12  BANK13  BANK14  BANK15
      Params:         0       0       0       0       0       0       0       0       0       0       0       0       0       0       0       0       0
      Locals:        16       0       0       0       0       0       0       0       0       0       0       0       0       0       0       0       0
      Temps:          0       0       0       0       0       0       0       0       0       0       0       0       0       0       0       0       0
      Totals:        16       0       0       0       0       0       0       0       0       0       0       0       0       0       0       0       0
Total ram usage:       16 bytes
 Hardware stack levels used:    1
 Hardware stack levels required when called:    3
 This function calls:
		_cprog_itos
		_delay
		_lcd_cmd
		_lcd_str
 This function is called by:
		_main
 This function uses a non-reentrant model


 *************** function _lcd_str *****************
 Defined at:
		line 117 in file "main.c"
 Parameters:    Size  Location     Type
  str             2    2[COMRAM] PTR const unsigned char 
		 -> STR_9(12), STR_8(15), STR_7(5), STR_6(6), 
		 -> STR_5(5), STR_4(6), STR_3(17), STR_2(17), 
		 -> printTime@player2secondsBuffer(3), printTime@player2minutesBuffer(5), printTime@player1secondsBuffer(3), printTime@player1minutesBuffer(5), 
 Auto vars:     Size  Location     Type
  i               1    6[COMRAM] unsigned char 
 Return value:  Size  Location     Type
                  1    wreg      void 
 Registers used:
		wreg, fsr1l, fsr1h, status,2, status,0, tblptrl, tblptrh, tblptru, cstack
 Tracked objects:
		On entry : 
		On exit  : 
		Unchanged: 
 Data sizes:     COMRAM   BANK0   BANK1   BANK2   BANK3   BANK4   BANK5   BANK6   BANK7   BANK8   BANK9  BANK10  BANK11  BANK12  BANK13  BANK14  BANK15
      Params:         2       0       0       0       0       0       0       0       0       0       0       0       0       0       0       0       0
      Locals:         1       0       0       0       0       0       0       0       0       0       0       0       0       0       0       0       0
      Temps:          2       0       0       0       0       0       0       0       0       0       0       0       0       0       0       0       0
      Totals:         5       0       0       0       0       0       0       0       0       0       0       0       0       0       0       0       0
Total ram usage:        5 bytes
 Hardware stack levels used:    1
 Hardware stack levels required when called:    2
 This function calls:
		_lcd_dat
 This function is called by:
		_printTime
		_main
 This function uses a non-reentrant model


 *************** function _lcd_dat *****************
 Defined at:
		line 106 in file "main.c"
 Parameters:    Size  Location     Type
  val             1    wreg     unsigned char 
 Auto vars:     Size  Location     Type
  val             1    1[COMRAM] unsigned char 
 Return value:  Size  Location     Type
                  1    wreg      void 
 Registers used:
		wreg, status,2, cstack
 Tracked objects:
		On entry : 
		On exit  : 
		Unchanged: 
 Data sizes:     COMRAM   BANK0   BANK1   BANK2   BANK3   BANK4   BANK5   BANK6   BANK7   BANK8   BANK9  BANK10  BANK11  BANK12  BANK13  BANK14  BANK15
      Params:         0       0       0       0       0       0       0       0       0       0       0       0       0       0       0       0       0
      Locals:         1       0       0       0       0       0       0       0       0       0       0       0       0       0       0       0       0
      Temps:          0       0       0       0       0       0       0       0       0       0       0       0       0       0       0       0       0
      Totals:         1       0       0       0       0       0       0       0       0       0       0       0       0       0       0       0       0
Total ram usage:        1 bytes
 Hardware stack levels used:    1
 Hardware stack levels required when called:    1
 This function calls:
		_lcd_wr
 This function is called by:
		_lcd_str
 This function uses a non-reentrant model


 *************** function _cprog_itos *****************
 Defined at:
		line 245 in file "main.c"
 Parameters:    Size  Location     Type
  value           1    wreg     unsigned char 
  buf             2   10[COMRAM] PTR unsigned char 
		 -> printTime@player2secondsBuffer(3), printTime@player2minutesBuffer(5), printTime@player1secondsBuffer(3), printTime@player1minutesBuffer(5), 
  size            2   12[COMRAM] unsigned int 
  radix           2   14[COMRAM] int 
 Auto vars:     Size  Location     Type
  value           1   24[COMRAM] unsigned char 
  n               2   25[COMRAM] unsigned int 
  sign            2   22[COMRAM] int 
  digits          2   20[COMRAM] PTR const unsigned char 
		 -> STR_1(17), 
 Return value:  Size  Location     Type
                  2   10[COMRAM] PTR unsigned char 
 Registers used:
		wreg, fsr1l, fsr1h, fsr2l, fsr2h, status,2, status,0, tblptrl, tblptrh, tblptru, cstack
 Tracked objects:
		On entry : 
		On exit  : 
		Unchanged: 
 Data sizes:     COMRAM   BANK0   BANK1   BANK2   BANK3   BANK4   BANK5   BANK6   BANK7   BANK8   BANK9  BANK10  BANK11  BANK12  BANK13  BANK14  BANK15
      Params:         6       0       0       0       0       0       0       0       0       0       0       0       0       0       0       0       0
      Locals:         7       0       0       0       0       0       0       0       0       0       0       0       0       0       0       0       0
      Temps:          4       0       0       0       0       0       0       0       0       0       0       0       0       0       0       0       0
      Totals:        17       0       0       0       0       0       0       0       0       0       0       0       0       0       0       0       0
Total ram usage:       17 bytes
 Hardware stack levels used:    1
 Hardware stack levels required when called:    1
 This function calls:
		___awdiv
		___awmod
		_abs
		_cprog_strrev
 This function is called by:
		_printTime
 This function uses a non-reentrant model


 *************** function _cprog_strrev *****************
 Defined at:
		line 232 in file "main.c"
 Parameters:    Size  Location     Type
  s               2    0[COMRAM] PTR unsigned char 
		 -> printTime@player2secondsBuffer(3), printTime@player2minutesBuffer(5), printTime@player1secondsBuffer(3), printTime@player1minutesBuffer(5), 
  n               2    2[COMRAM] unsigned int 
 Auto vars:     Size  Location     Type
  savev           1    4[COMRAM] unsigned char 
  j               2    7[COMRAM] unsigned int 
  i               2    5[COMRAM] unsigned int 
 Return value:  Size  Location     Type
                  2    0[COMRAM] PTR unsigned char 
 Registers used:
		wreg, fsr1l, fsr1h, fsr2l, fsr2h, status,2, status,0
 Tracked objects:
		On entry : 
		On exit  : 
		Unchanged: 
 Data sizes:     COMRAM   BANK0   BANK1   BANK2   BANK3   BANK4   BANK5   BANK6   BANK7   BANK8   BANK9  BANK10  BANK11  BANK12  BANK13  BANK14  BANK15
      Params:         4       0       0       0       0       0       0       0       0       0       0       0       0       0       0       0       0
      Locals:         5       0       0       0       0       0       0       0       0       0       0       0       0       0       0       0       0
      Temps:          0       0       0       0       0       0       0       0       0       0       0       0       0       0       0       0       0
      Totals:         9       0       0       0       0       0       0       0       0       0       0       0       0       0       0       0       0
Total ram usage:        9 bytes
 Hardware stack levels used:    1
 This function calls:
		Nothing
 This function is called by:
		_cprog_itos
 This function uses a non-reentrant model


 *************** function _abs *****************
 Defined at:
		line 1 in file "/opt/microchip/xc8/v2.10/pic/sources/c99/common/abs.c"
 Parameters:    Size  Location     Type
  a               2    6[COMRAM] int 
 Auto vars:     Size  Location     Type
		None
 Return value:  Size  Location     Type
                  2    6[COMRAM] int 
 Registers used:
		wreg, status,2, status,0
 Tracked objects:
		On entry : 
		On exit  : 
		Unchanged: 
 Data sizes:     COMRAM   BANK0   BANK1   BANK2   BANK3   BANK4   BANK5   BANK6   BANK7   BANK8   BANK9  BANK10  BANK11  BANK12  BANK13  BANK14  BANK15
      Params:         2       0       0       0       0       0       0       0       0       0       0       0       0       0       0       0       0
      Locals:         0       0       0       0       0       0       0       0       0       0       0       0       0       0       0       0       0
      Temps:          2       0       0       0       0       0       0       0       0       0       0       0       0       0       0       0       0
      Totals:         4       0       0       0       0       0       0       0       0       0       0       0       0       0       0       0       0
Total ram usage:        4 bytes
 Hardware stack levels used:    1
 This function calls:
		Nothing
 This function is called by:
		_cprog_itos
 This function uses a non-reentrant model


 *************** function ___awmod *****************
 Defined at:
		line 7 in file "/opt/microchip/xc8/v2.10/pic/sources/c99/common/awmod.c"
 Parameters:    Size  Location     Type
  dividend        2    0[COMRAM] int 
  divisor         2    2[COMRAM] int 
 Auto vars:     Size  Location     Type
  sign            1    5[COMRAM] unsigned char 
  counter         1    4[COMRAM] unsigned char 
 Return value:  Size  Location     Type
                  2    0[COMRAM] int 
 Registers used:
		wreg, status,2, status,0
 Tracked objects:
		On entry : 
		On exit  : 
		Unchanged: 
 Data sizes:     COMRAM   BANK0   BANK1   BANK2   BANK3   BANK4   BANK5   BANK6   BANK7   BANK8   BANK9  BANK10  BANK11  BANK12  BANK13  BANK14  BANK15
      Params:         4       0       0       0       0       0       0       0       0       0       0       0       0       0       0       0       0
      Locals:         2       0       0       0       0       0       0       0       0       0       0       0       0       0       0       0       0
      Temps:          0       0       0       0       0       0       0       0       0       0       0       0       0       0       0       0       0
      Totals:         6       0       0       0       0       0       0       0       0       0       0       0       0       0       0       0       0
Total ram usage:        6 bytes
 Hardware stack levels used:    1
 This function calls:
		Nothing
 This function is called by:
		_cprog_itos
 This function uses a non-reentrant model


 *************** function ___awdiv *****************
 Defined at:
		line 7 in file "/opt/microchip/xc8/v2.10/pic/sources/c99/common/awdiv.c"
 Parameters:    Size  Location     Type
  dividend        2    0[COMRAM] int 
  divisor         2    2[COMRAM] int 
 Auto vars:     Size  Location     Type
  quotient        2    6[COMRAM] int 
  sign            1    5[COMRAM] unsigned char 
  counter         1    4[COMRAM] unsigned char 
 Return value:  Size  Location     Type
                  2    0[COMRAM] int 
 Registers used:
		wreg, status,2, status,0
 Tracked objects:
		On entry : 
		On exit  : 
		Unchanged: 
 Data sizes:     COMRAM   BANK0   BANK1   BANK2   BANK3   BANK4   BANK5   BANK6   BANK7   BANK8   BANK9  BANK10  BANK11  BANK12  BANK13  BANK14  BANK15
      Params:         4       0       0       0       0       0       0       0       0       0       0       0       0       0       0       0       0
      Locals:         4       0       0       0       0       0       0       0       0       0       0       0       0       0       0       0       0
      Temps:          0       0       0       0       0       0       0       0       0       0       0       0       0       0       0       0       0
      Totals:         8       0       0       0       0       0       0       0       0       0       0       0       0       0       0       0       0
Total ram usage:        8 bytes
 Hardware stack levels used:    1
 This function calls:
		Nothing
 This function is called by:
		_cprog_itos
 This function uses a non-reentrant model


 *************** function _lcd_init *****************
 Defined at:
		line 279 in file "main.c"
 Parameters:    Size  Location     Type
		None
 Auto vars:     Size  Location     Type
		None
 Return value:  Size  Location     Type
                  1    wreg      void 
 Registers used:
		wreg, status,2, status,0, cstack
 Tracked objects:
		On entry : 
		On exit  : 
		Unchanged: 
 Data sizes:     COMRAM   BANK0   BANK1   BANK2   BANK3   BANK4   BANK5   BANK6   BANK7   BANK8   BANK9  BANK10  BANK11  BANK12  BANK13  BANK14  BANK15
      Params:         0       0       0       0       0       0       0       0       0       0       0       0       0       0       0       0       0
      Locals:         0       0       0       0       0       0       0       0       0       0       0       0       0       0       0       0       0
      Temps:          0       0       0       0       0       0       0       0       0       0       0       0       0       0       0       0       0
      Totals:         0       0       0       0       0       0       0       0       0       0       0       0       0       0       0       0       0
Total ram usage:        0 bytes
 Hardware stack levels used:    1
 Hardware stack levels required when called:    2
 This function calls:
		_delay
		_lcd_cmd
 This function is called by:
		_main
 This function uses a non-reentrant model


 *************** function _lcd_cmd *****************
 Defined at:
		line 268 in file "main.c"
 Parameters:    Size  Location     Type
  val             1    wreg     unsigned char 
 Auto vars:     Size  Location     Type
  val             1    1[COMRAM] unsigned char 
 Return value:  Size  Location     Type
                  1    wreg      void 
 Registers used:
		wreg, status,2, cstack
 Tracked objects:
		On entry : 
		On exit  : 
		Unchanged: 
 Data sizes:     COMRAM   BANK0   BANK1   BANK2   BANK3   BANK4   BANK5   BANK6   BANK7   BANK8   BANK9  BANK10  BANK11  BANK12  BANK13  BANK14  BANK15
      Params:         0       0       0       0       0       0       0       0       0       0       0       0       0       0       0       0       0
      Locals:         1       0       0       0       0       0       0       0       0       0       0       0       0       0       0       0       0
      Temps:          0       0       0       0       0       0       0       0       0       0       0       0       0       0       0       0       0
      Totals:         1       0       0       0       0       0       0       0       0       0       0       0       0       0       0       0       0
Total ram usage:        1 bytes
 Hardware stack levels used:    1
 Hardware stack levels required when called:    1
 This function calls:
		_lcd_wr
 This function is called by:
		_lcd_init
		_printTime
		_main
 This function uses a non-reentrant model


 *************** function _lcd_wr *****************
 Defined at:
		line 100 in file "main.c"
 Parameters:    Size  Location     Type
  val             1    wreg     unsigned char 
 Auto vars:     Size  Location     Type
  val             1    0[COMRAM] unsigned char 
 Return value:  Size  Location     Type
                  1    wreg      void 
 Registers used:
		wreg
 Tracked objects:
		On entry : 
		On exit  : 
		Unchanged: 
 Data sizes:     COMRAM   BANK0   BANK1   BANK2   BANK3   BANK4   BANK5   BANK6   BANK7   BANK8   BANK9  BANK10  BANK11  BANK12  BANK13  BANK14  BANK15
      Params:         0       0       0       0       0       0       0       0       0       0       0       0       0       0       0       0       0
      Locals:         1       0       0       0       0       0       0       0       0       0       0       0       0       0       0       0       0
      Temps:          0       0       0       0       0       0       0       0       0       0       0       0       0       0       0       0       0
      Totals:         1       0       0       0       0       0       0       0       0       0       0       0       0       0       0       0       0
Total ram usage:        1 bytes
 Hardware stack levels used:    1
 This function calls:
		Nothing
 This function is called by:
		_lcd_dat
		_lcd_cmd
 This function uses a non-reentrant model


 *************** function _delay *****************
 Defined at:
		line 128 in file "main.c"
 Parameters:    Size  Location     Type
  ms              2    0[COMRAM] unsigned int 
 Auto vars:     Size  Location     Type
  i               2    2[COMRAM] unsigned int 
  j               1    4[COMRAM] unsigned char 
 Return value:  Size  Location     Type
                  1    wreg      void 
 Registers used:
		wreg, status,2, status,0
 Tracked objects:
		On entry : 
		On exit  : 
		Unchanged: 
 Data sizes:     COMRAM   BANK0   BANK1   BANK2   BANK3   BANK4   BANK5   BANK6   BANK7   BANK8   BANK9  BANK10  BANK11  BANK12  BANK13  BANK14  BANK15
      Params:         2       0       0       0       0       0       0       0       0       0       0       0       0       0       0       0       0
      Locals:         3       0       0       0       0       0       0       0       0       0       0       0       0       0       0       0       0
      Temps:          0       0       0       0       0       0       0       0       0       0       0       0       0       0       0       0       0
      Totals:         5       0       0       0       0       0       0       0       0       0       0       0       0       0       0       0       0
Total ram usage:        5 bytes
 Hardware stack levels used:    1
 This function calls:
		Nothing
 This function is called by:
		_lcd_init
		_printTime
 This function uses a non-reentrant model



MODULE INFORMATION

Module		Function		Class		Link	Load	Size
/opt/microchip/xc8/v2.10/pic/sources/c99/common/awmod.c
		___awmod       		CODE           	162E	0000	177

/opt/microchip/xc8/v2.10/pic/sources/c99/common/awmod.c estimated size: 177

/opt/microchip/xc8/v2.10/pic/sources/c99/common/lwdiv.c
		___lwdiv       		CODE           	190A	0000	117

/opt/microchip/xc8/v2.10/pic/sources/c99/common/lwdiv.c estimated size: 117

/opt/microchip/xc8/v2.10/pic/sources/c99/common/awdiv.c
		___awdiv       		CODE           	156A	0000	197

/opt/microchip/xc8/v2.10/pic/sources/c99/common/awdiv.c estimated size: 197

/opt/microchip/xc8/v2.10/pic/sources/c99/common/abs.c
		_abs           		CODE           	1A22	0000	65

/opt/microchip/xc8/v2.10/pic/sources/c99/common/abs.c estimated size: 65

shared
		__initialization		CODE           	1A90	0000	13

shared estimated size: 13

main.c
		_delay         		CODE           	19DA	0000	73
		_lcd_cmd       		CODE           	1AB8	0000	19
		_lcd_dat       		CODE           	1AA6	0000	19
		_main          		CODE           	16DE	0000	163
		_updatePlayersTime		CODE           	1A62	0000	47
		_updateTimeRemainingSet		CODE           	1466	0000	261
		_reduceTime    		CODE           	1348	0000	287
		_lcd_wr        		CODE           	1ACA	0000	9
		_adc           		CODE           	1780	0000	145
		_cprog_strrev  		CODE           	1810	0000	127
		_cprog_itos    		CODE           	1228	0000	289
		_printTime     		CODE           	105C	0000	461
		_lcd_str       		CODE           	188E	0000	125
		_lcd_init      		CODE           	197E	0000	93

main.c estimated size: 2118

