Microchip MPLAB XC8 Compiler V2.10 ()

Linker command line:

-W-3 --edf=/opt/microchip/xc8/v2.10/pic/dat/en_msgs.txt -cs \
  -h+dist/default/production/zadanie2.X.production.sym \
  --cmf=dist/default/production/zadanie2.X.production.cmf -z -Q18F4620 \
  -o/tmp/xcXqZFh1f --defsym=__MPLAB_BUILD=1 \
  -Mdist/default/production/zadanie2.X.production.map -E1 -ver=XC8 \
  --acfsm=1493 -ASTACK=080h-0F7Fh -pstack=STACK -ACODE=00h-0FFFFh \
  -ACONST=00h-0FFFFh -ASMALLCONST=01000h-010FFhx240 \
  -AMEDIUMCONST=01000h-0FFFFh -ACOMRAM=01h-07Fh -AABS1=00h-0F7Fh \
  -ABIGRAM=01h-0F7Fh -ARAM=080h-0FFh,0100h-01FFhx14,0F00h-0F7Fh \
  -ABANK0=080h-0FFh -ABANK1=0100h-01FFh -ABANK2=0200h-02FFh \
  -ABANK3=0300h-03FFh -ABANK4=0400h-04FFh -ABANK5=0500h-05FFh \
  -ABANK6=0600h-06FFh -ABANK7=0700h-07FFh -ABANK8=0800h-08FFh \
  -ABANK9=0900h-09FFh -ABANK10=0A00h-0AFFh -ABANK11=0B00h-0BFFh \
  -ABANK12=0C00h-0CFFh -ABANK13=0D00h-0DFFh -ABANK14=0E00h-0EFFh \
  -ABANK15=0F00h-0F7Fh -ASFR=0F80h-0FFFh \
  -preset_vec=00h,intcode,intcodelo,powerup,init -pramtop=01000h \
  -psmallconst=SMALLCONST -pmediumconst=MEDIUMCONST -pconst=CONST \
  -AFARRAM=00h-00h -ACONFIG=0300000h-030000Dh -pconfig=CONFIG \
  -AIDLOC=0200000h-0200007h -pidloc=IDLOC -AEEDATA=0F00000h-0F003FFh \
  -peeprom_data=EEDATA \
  -prdata=COMRAM,nvrram=COMRAM,nvbit=COMRAM,rbss=COMRAM,rbit=COMRAM \
  -pfarbss=FARRAM,fardata=FARRAM,nvFARRAM=FARRAM \
  -pintsave_regs=BIGRAM,bigbss=BIGRAM,bigdata=BIGRAM -pbss=RAM \
  -pidata=CODE,irdata=CODE,ibigdata=CODE,ifardata=CODE -prparam=COMRAM \
  /tmp/xcXSobdCm.o dist/default/production/zadanie2.X.production.o 

Object code version is 3.11

Machine type is 18F4620

Call graph: (short form)




                Name                               Link     Load   Length Selector   Space Scale
/tmp/xcXSobdCm.o
                init                                  0        0        4        0       0
                idloc                            200000   200000        8   200000       0
                config                           300000   300000        E   300000       0
dist/default/production/zadanie2.X.production.o
                smallconst                         1000     1000       50      800       0
                text17                             1050     1050       E6      828       0
                text16                             1612     1612       48      828       0
                text15                             170A     170A        8      828       0
                text14                             16EE     16EE       12      828       0
                text13                             14C8     14C8       5C      828       0
                text12                             13E2     13E2       74      828       0
                text11                             1352     1352       90      828       0
                text10                             169C     169C       2A      828       0
                text9                              15C6     15C6       4C      828       0
                text8                              1456     1456       72      828       0
                text7                              16DC     16DC       12      828       0
                text6                              1576     1576       50      828       0
                text5                              11EE     11EE       B4      828       0
                text4                              1136     1136       B8      828       0
                text3                              1700     1700        A      828       0
                text2                              12A2     12A2       B0      828       0
                text1                              165A     165A       42      828       0
                text0                              1524     1524       52      828       0
                cstackCOMRAM                          1        1       26        1       1
                bssCOMRAM                            27       27        F        1       1
                cinit                              16C6     16C6       16      828       0

TOTAL           Name                               Link     Load   Length     Space
        CLASS   STACK          

        CLASS   CODE           
                init                                  0        0        4         0
                text17                             1050     1050       E6         0
                text16                             1612     1612       48         0
                text15                             170A     170A        8         0
                text14                             16EE     16EE       12         0
                text13                             14C8     14C8       5C         0
                text12                             13E2     13E2       74         0
                text11                             1352     1352       90         0
                text10                             169C     169C       2A         0
                text9                              15C6     15C6       4C         0
                text8                              1456     1456       72         0
                text7                              16DC     16DC       12         0
                text6                              1576     1576       50         0
                text5                              11EE     11EE       B4         0
                text4                              1136     1136       B8         0
                text3                              1700     1700        A         0
                text2                              12A2     12A2       B0         0
                text1                              165A     165A       42         0
                text0                              1524     1524       52         0
                cinit                              16C6     16C6       16         0

        CLASS   CONST          

        CLASS   SMALLCONST     
                smallconst                         1000     1000       50         0

        CLASS   MEDIUMCONST    

        CLASS   COMRAM         
                cstackCOMRAM                          1        1       26         1
                bssCOMRAM                            27       27        F         1

        CLASS   ABS1           

        CLASS   BIGRAM         

        CLASS   RAM            

        CLASS   BANK0          

        CLASS   BANK1          

        CLASS   BANK2          

        CLASS   BANK3          

        CLASS   BANK4          

        CLASS   BANK5          

        CLASS   BANK6          

        CLASS   BANK7          

        CLASS   BANK8          

        CLASS   BANK9          

        CLASS   BANK10         

        CLASS   BANK11         

        CLASS   BANK12         

        CLASS   BANK13         

        CLASS   BANK14         

        CLASS   BANK15         

        CLASS   SFR            

        CLASS   FARRAM         

        CLASS   CONFIG         
                config                           300000   300000        E         0

        CLASS   IDLOC          
                idloc                            200000   200000        8         0

        CLASS   EEDATA         



SEGMENTS        Name                           Load    Length   Top    Selector   Space  Class

                reset_vec                      000000  000004  000004         0       0  CODE    
                cstackCOMRAM                   000001  000035  000036         1       1  COMRAM  
                smallconst                     001000  000050  001050       800       0  SMALLCON
                text17                         001050  0006C2  001712       828       0  CODE    
                idloc                          200000  000008  200008    200000       0  IDLOC   
                config                         300000  00000E  30000E    300000       0  CONFIG  


UNUSED ADDRESS RANGES

        Name                Unused          Largest block    Delta
        BANK0            000080-0000FF               80
        BANK1            000100-0001FF              100
        BANK10           000A00-000AFF              100
        BANK11           000B00-000BFF              100
        BANK12           000C00-000CFF              100
        BANK13           000D00-000DFF              100
        BANK14           000E00-000EFF              100
        BANK15           000F00-000F7F               80
        BANK2            000200-0002FF              100
        BANK3            000300-0003FF              100
        BANK4            000400-0004FF              100
        BANK5            000500-0005FF              100
        BANK6            000600-0006FF              100
        BANK7            000700-0007FF              100
        BANK8            000800-0008FF              100
        BANK9            000900-0009FF              100
        BIGRAM           000036-000F7F              F4A
        CODE             000004-000FFF              FFC
                         001712-00FFFF             E8EE
        COMRAM           000036-00007F               4A
        CONST            000004-000FFF              FFC
                         001712-00FFFF             E8EE
        EEDATA           F00000-F003FF              400
        MEDIUMCONST      001712-00FFFF             E8EE
        RAM              000080-000F7F              100
        SFR              000F80-000FFF               80
        SMALLCONST       001712-00FFFF              100
        STACK            000080-000F7F              F00

                                  Symbol Table

?___lwdiv                        cstackCOMRAM 000008
?_adc                            cstackCOMRAM 000001
?_getDelay                       cstackCOMRAM 00000F
?_isProgramInterupted            cstackCOMRAM 000001
_ADCON0                          (abs)        000FC2
_ADCON0bits                      (abs)        000FC2
_ADCON1                          (abs)        000FC1
_ADCON2                          (abs)        000FC0
_ADRESH                          (abs)        000FC4
_ADRESL                          (abs)        000FC3
_PORTBbits                       (abs)        000F81
_PORTD                           (abs)        000F83
_PORTEbits                       (abs)        000F84
_TRISA                           (abs)        000F92
_TRISB                           (abs)        000F93
_TRISC                           (abs)        000F94
_TRISD                           (abs)        000F95
_TRISE                           (abs)        000F96
__CFG_BOREN$OFF                  (abs)        000000
__CFG_BORV$3                     (abs)        000000
__CFG_CCP2MX$PORTC               (abs)        000000
__CFG_CP0$OFF                    (abs)        000000
__CFG_CP1$OFF                    (abs)        000000
__CFG_CP2$OFF                    (abs)        000000
__CFG_CP3$OFF                    (abs)        000000
__CFG_CPB$OFF                    (abs)        000000
__CFG_CPD$OFF                    (abs)        000000
__CFG_EBTR0$OFF                  (abs)        000000
__CFG_EBTR1$OFF                  (abs)        000000
__CFG_EBTR2$OFF                  (abs)        000000
__CFG_EBTR3$OFF                  (abs)        000000
__CFG_EBTRB$OFF                  (abs)        000000
__CFG_FCMEN$OFF                  (abs)        000000
__CFG_IESO$OFF                   (abs)        000000
__CFG_LPT1OSC$OFF                (abs)        000000
__CFG_LVP$OFF                    (abs)        000000
__CFG_MCLRE$ON                   (abs)        000000
__CFG_OSC$HSPLL                  (abs)        000000
__CFG_PBADEN$OFF                 (abs)        000000
__CFG_PWRT$ON                    (abs)        000000
__CFG_STVREN$OFF                 (abs)        000000
__CFG_WDT$OFF                    (abs)        000000
__CFG_WDTPS$32768                (abs)        000000
__CFG_WRT0$OFF                   (abs)        000000
__CFG_WRT1$OFF                   (abs)        000000
__CFG_WRT2$OFF                   (abs)        000000
__CFG_WRT3$OFF                   (abs)        000000
__CFG_WRTB$OFF                   (abs)        000000
__CFG_WRTC$OFF                   (abs)        000000
__CFG_WRTD$OFF                   (abs)        000000
__CFG_XINST$OFF                  (abs)        000000
__HRAM                           (abs)        000000
__Habs1                          abs1         000000
__Hbank0                         bank0        000000
__Hbank1                         bank1        000000
__Hbank10                        bank10       000000
__Hbank11                        bank11       000000
__Hbank12                        bank12       000000
__Hbank13                        bank13       000000
__Hbank14                        bank14       000000
__Hbank15                        bank15       000000
__Hbank2                         bank2        000000
__Hbank3                         bank3        000000
__Hbank4                         bank4        000000
__Hbank5                         bank5        000000
__Hbank6                         bank6        000000
__Hbank7                         bank7        000000
__Hbank8                         bank8        000000
__Hbank9                         bank9        000000
__Hbigbss                        bigbss       000000
__Hbigdata                       bigdata      000000
__Hbigram                        bigram       000000
__Hbss                           bss          000000
__HbssCOMRAM                     bssCOMRAM    000000
__Hcinit                         cinit        000000
__Hclrtext                       clrtext      000000
__Hcomram                        comram       000000
__Hconfig                        config       30000E
__Hconst                         const        000000
__HcstackCOMRAM                  cstackCOMRAM 000000
__Hdata                          data         000000
__Heeprom_data                   eeprom_data  000000
__Hfarbss                        farbss       000000
__Hfardata                       fardata      000000
__Hibigdata                      ibigdata     000000
__Hidata                         idata        000000
__Hidloc                         idloc        200008
__Hifardata                      ifardata     000000
__Hinit                          init         000004
__Hintcode                       intcode      000000
__Hintcode_body                  intcode_body 000000
__Hintcodelo                     intcodelo    000000
__Hintentry                      intentry     000000
__Hintret                        intret       000000
__Hintsave_regs                  intsave_regs 000000
__Hirdata                        irdata       000000
__Hmediumconst                   mediumconst  000000
__HnvFARRAM                      nvFARRAM     000000
__Hnvbit                         nvbit        000000
__Hnvrram                        nvrram       000000
__Hparam                         rparam       000000
__Hpowerup                       powerup      000000
__Hram                           ram          000000
__Hramtop                        ramtop       001000
__Hrbit                          rbit         000000
__Hrbss                          rbss         000000
__Hrdata                         rdata        000000
__Hreset_vec                     reset_vec    000000
__Hrparam                        rparam       000000
__Hsfr                           sfr          000000
__Hsmallconst                    smallconst   001050
__Hspace_0                       (abs)        30000E
__Hspace_1                       (abs)        000036
__Hspace_2                       (abs)        000000
__Hstack                         stack        000000
__Hstruct                        struct       000000
__Htemp                          temp         000000
__Htext                          text         000000
__Htext0                         text0        000000
__Htext1                         text1        000000
__Htext10                        text10       000000
__Htext11                        text11       000000
__Htext12                        text12       000000
__Htext13                        text13       000000
__Htext14                        text14       000000
__Htext15                        text15       000000
__Htext16                        text16       000000
__Htext17                        text17       000000
__Htext2                         text2        000000
__Htext3                         text3        000000
__Htext4                         text4        000000
__Htext5                         text5        000000
__Htext6                         text6        000000
__Htext7                         text7        000000
__Htext8                         text8        000000
__Htext9                         text9        000000
__LRAM                           (abs)        000001
__Labs1                          abs1         000000
__Lbank0                         bank0        000000
__Lbank1                         bank1        000000
__Lbank10                        bank10       000000
__Lbank11                        bank11       000000
__Lbank12                        bank12       000000
__Lbank13                        bank13       000000
__Lbank14                        bank14       000000
__Lbank15                        bank15       000000
__Lbank2                         bank2        000000
__Lbank3                         bank3        000000
__Lbank4                         bank4        000000
__Lbank5                         bank5        000000
__Lbank6                         bank6        000000
__Lbank7                         bank7        000000
__Lbank8                         bank8        000000
__Lbank9                         bank9        000000
__Lbigbss                        bigbss       000000
__Lbigdata                       bigdata      000000
__Lbigram                        bigram       000000
__Lbss                           bss          000000
__LbssCOMRAM                     bssCOMRAM    000000
__Lcinit                         cinit        000000
__Lclrtext                       clrtext      000000
__Lcomram                        comram       000000
__Lconfig                        config       300000
__Lconst                         const        000000
__LcstackCOMRAM                  cstackCOMRAM 000000
__Ldata                          data         000000
__Leeprom_data                   eeprom_data  000000
__Lfarbss                        farbss       000000
__Lfardata                       fardata      000000
__Libigdata                      ibigdata     000000
__Lidata                         idata        000000
__Lidloc                         idloc        200000
__Lifardata                      ifardata     000000
__Linit                          init         000000
__Lintcode                       intcode      000000
__Lintcode_body                  intcode_body 000000
__Lintcodelo                     intcodelo    000000
__Lintentry                      intentry     000000
__Lintret                        intret       000000
__Lintsave_regs                  intsave_regs 000000
__Lirdata                        irdata       000000
__Lmediumconst                   mediumconst  000000
__LnvFARRAM                      nvFARRAM     000000
__Lnvbit                         nvbit        000000
__Lnvrram                        nvrram       000000
__Lparam                         rparam       000000
__Lpowerup                       powerup      000000
__Lram                           ram          000000
__Lramtop                        ramtop       001000
__Lrbit                          rbit         000000
__Lrbss                          rbss         000000
__Lrdata                         rdata        000000
__Lreset_vec                     reset_vec    000000
__Lrparam                        rparam       000000
__Lsfr                           sfr          000000
__Lsmallconst                    smallconst   001000
__Lspace_0                       (abs)        000000
__Lspace_1                       (abs)        000000
__Lspace_2                       (abs)        000000
__Lstack                         stack        000000
__Lstruct                        struct       000000
__Ltemp                          temp         000000
__Ltext                          text         000000
__Ltext0                         text0        000000
__Ltext1                         text1        000000
__Ltext10                        text10       000000
__Ltext11                        text11       000000
__Ltext12                        text12       000000
__Ltext13                        text13       000000
__Ltext14                        text14       000000
__Ltext15                        text15       000000
__Ltext16                        text16       000000
__Ltext17                        text17       000000
__Ltext2                         text2        000000
__Ltext3                         text3        000000
__Ltext4                         text4        000000
__Ltext5                         text5        000000
__Ltext6                         text6        000000
__Ltext7                         text7        000000
__Ltext8                         text8        000000
__Ltext9                         text9        000000
__S0                             (abs)        30000E
__S1                             (abs)        000036
__S2                             (abs)        000000
___inthi_sp                      stack        000000
___intlo_sp                      stack        000000
___lwdiv                         text12       0013E2
___lwdiv@counter                 cstackCOMRAM 00000E
___lwdiv@dividend                cstackCOMRAM 000008
___lwdiv@divisor                 cstackCOMRAM 00000A
___lwdiv@quotient                cstackCOMRAM 00000C
___param_bank                    (abs)        000000
___rparam_used                   (abs)        000001
___sp                            stack        000000
__accesstop                      (abs)        000080
__activetblptr                   (abs)        000002
__end_of___lwdiv                 text12       001456
__end_of__initialization         cinit        0016D2
__end_of_adc                     text11       0013E2
__end_of_changeProgram           text17       001136
__end_of_convertValueToGrayCode  text3        00170A
__end_of_delay                   text16       00165A
__end_of_getDelay                text10       0016C6
__end_of_intToBinary             text9        001612
__end_of_isProgramInterupted     text8        0014C8
__end_of_lcd_cmd                 text14       001700
__end_of_lcd_dat                 text7        0016EE
__end_of_lcd_init                text13       001524
__end_of_lcd_str                 text6        0015C6
__end_of_lcd_wr                  text15       001712
__end_of_main                    text0        001576
__end_of_printMask               text5        0012A2
__end_of_runSubProgram           text1        00169C
__end_of_subProgram1             text4        0011EE
__end_of_subProgram2             text2        001352
__initialization                 cinit        0016C6
__mediumconst                    mediumconst  000000
__pbssCOMRAM                     bssCOMRAM    000027
__pcinit                         cinit        0016C6
__pcstackCOMRAM                  cstackCOMRAM 000001
__psmallconst                    smallconst   001000
__ptext0                         text0        001524
__ptext1                         text1        00165A
__ptext10                        text10       00169C
__ptext11                        text11       001352
__ptext12                        text12       0013E2
__ptext13                        text13       0014C8
__ptext14                        text14       0016EE
__ptext15                        text15       00170A
__ptext16                        text16       001612
__ptext17                        text17       001050
__ptext2                         text2        0012A2
__ptext3                         text3        001700
__ptext4                         text4        001136
__ptext5                         text5        0011EE
__ptext6                         text6        001576
__ptext7                         text7        0016DC
__ptext8                         text8        001456
__ptext9                         text9        0015C6
__ramtop                         ramtop       001000
__size_of___lwdiv                (abs)        000000
__size_of_adc                    (abs)        000000
__size_of_changeProgram          (abs)        000000
__size_of_convertValueToGrayCode (abs)        000000
__size_of_delay                  (abs)        000000
__size_of_getDelay               (abs)        000000
__size_of_intToBinary            (abs)        000000
__size_of_isProgramInterupted    (abs)        000000
__size_of_lcd_cmd                (abs)        000000
__size_of_lcd_dat                (abs)        000000
__size_of_lcd_init               (abs)        000000
__size_of_lcd_str                (abs)        000000
__size_of_lcd_wr                 (abs)        000000
__size_of_main                   (abs)        000000
__size_of_printMask              (abs)        000000
__size_of_runSubProgram          (abs)        000000
__size_of_subProgram1            (abs)        000000
__size_of_subProgram2            (abs)        000000
__smallconst                     smallconst   001000
_adc                             text11       001352
_changeProgram                   text17       001050
_convertValueToGrayCode          text3        001700
_delay                           text16       001612
_direction                       bssCOMRAM    000035
_getDelay                        text10       00169C
_intToBinary                     text9        0015C6
_isProgramInterupted             text8        001456
_lcd_cmd                         text14       0016EE
_lcd_dat                         text7        0016DC
_lcd_init                        text13       0014C8
_lcd_str                         text6        001576
_lcd_wr                          text15       00170A
_main                            text0        001524
_potentiomer1value               bssCOMRAM    00002D
_potentiomer2value               bssCOMRAM    000027
_potentiometr                    bssCOMRAM    000033
_printMask                       text5        0011EE
_runSubProgram                   text1        00165A
_subProgram1                     text4        001136
_subProgram2                     text2        0012A2
adc@kanal                        cstackCOMRAM 000007
changeProgram@i                  cstackCOMRAM 000005
changeProgram@program            cstackCOMRAM 000001
convertValueToGrayCode@value     cstackCOMRAM 000001
delay@i                          cstackCOMRAM 000014
delay@j                          cstackCOMRAM 000016
delay@ms                         cstackCOMRAM 000012
end_of_initialization            cinit        0016D2
getDelay@delay                   cstackCOMRAM 000011
intToBinary@buffor               cstackCOMRAM 000001
intToBinary@i                    cstackCOMRAM 000006
intToBinary@value                cstackCOMRAM 000003
intlevel0                        text         000000
intlevel1                        text         000000
intlevel2                        text         000000
intlevel3                        text         000000
isProgramInterupted@i            cstackCOMRAM 000003
lcd_cmd@val                      cstackCOMRAM 000002
lcd_dat@val                      cstackCOMRAM 000002
lcd_str@i                        cstackCOMRAM 000007
lcd_str@str                      cstackCOMRAM 000003
lcd_wr@val                       cstackCOMRAM 000001
main@program                     cstackCOMRAM 000025
printMask@mask                   cstackCOMRAM 000001
printMask@value                  cstackCOMRAM 000003
runSubProgram@program            cstackCOMRAM 000021
stackhi                          (abs)        000F7F
stacklo                          (abs)        000080
start                            init         000000
start_initialization             cinit        0016C6
subProgram1@binBuffer            cstackCOMRAM 000017
subProgram1@counter              cstackCOMRAM 00001F
subProgram2@binBuffer            cstackCOMRAM 000017
subProgram2@counter              cstackCOMRAM 000020
subProgram2@counterDisplay       cstackCOMRAM 00001F


FUNCTION INFORMATION:

 *************** function _main *****************
 Defined at:
		line 372 in file "main2.c"
 Parameters:    Size  Location     Type
		None
 Auto vars:     Size  Location     Type
  program         2   36[COMRAM] unsigned int 
 Return value:  Size  Location     Type
                  1    wreg      void 
 Registers used:
		wreg, fsr2l, fsr2h, status,2, status,0, tblptrl, tblptrh, tblptru, prodl, prodh, cstack
 Tracked objects:
		On entry : 
		On exit  : 
		Unchanged: 
 Data sizes:     COMRAM   BANK0   BANK1   BANK2   BANK3   BANK4   BANK5   BANK6   BANK7   BANK8   BANK9  BANK10  BANK11  BANK12  BANK13  BANK14  BANK15
      Params:         0       0       0       0       0       0       0       0       0       0       0       0       0       0       0       0       0
      Locals:         2       0       0       0       0       0       0       0       0       0       0       0       0       0       0       0       0
      Temps:          0       0       0       0       0       0       0       0       0       0       0       0       0       0       0       0       0
      Totals:         2       0       0       0       0       0       0       0       0       0       0       0       0       0       0       0       0
Total ram usage:        2 bytes
 Hardware stack levels required when called:    5
 This function calls:
		_changeProgram
		_lcd_cmd
		_lcd_init
		_runSubProgram
 This function is called by:
		Startup code after reset
 This function uses a non-reentrant model


 *************** function _runSubProgram *****************
 Defined at:
		line 310 in file "main2.c"
 Parameters:    Size  Location     Type
  program         2   32[COMRAM] unsigned int 
 Auto vars:     Size  Location     Type
		None
 Return value:  Size  Location     Type
                  1    wreg      void 
 Registers used:
		wreg, fsr2l, fsr2h, status,2, status,0, tblptrl, tblptrh, tblptru, prodl, prodh, cstack
 Tracked objects:
		On entry : 
		On exit  : 
		Unchanged: 
 Data sizes:     COMRAM   BANK0   BANK1   BANK2   BANK3   BANK4   BANK5   BANK6   BANK7   BANK8   BANK9  BANK10  BANK11  BANK12  BANK13  BANK14  BANK15
      Params:         2       0       0       0       0       0       0       0       0       0       0       0       0       0       0       0       0
      Locals:         0       0       0       0       0       0       0       0       0       0       0       0       0       0       0       0       0
      Temps:          2       0       0       0       0       0       0       0       0       0       0       0       0       0       0       0       0
      Totals:         4       0       0       0       0       0       0       0       0       0       0       0       0       0       0       0       0
Total ram usage:        4 bytes
 Hardware stack levels used:    1
 Hardware stack levels required when called:    4
 This function calls:
		_subProgram1
		_subProgram2
 This function is called by:
		_main
 This function uses a non-reentrant model


 *************** function _subProgram2 *****************
 Defined at:
		line 276 in file "main2.c"
 Parameters:    Size  Location     Type
		None
 Auto vars:     Size  Location     Type
  binBuffer       8   22[COMRAM] unsigned char [8]
  delayBuffer     8    0        unsigned char [8]
  counter         1   31[COMRAM] unsigned char 
  counterDispl    1   30[COMRAM] unsigned char 
 Return value:  Size  Location     Type
                  1    wreg      void 
 Registers used:
		wreg, fsr2l, fsr2h, status,2, status,0, tblptrl, tblptrh, tblptru, prodl, prodh, cstack
 Tracked objects:
		On entry : 
		On exit  : 
		Unchanged: 
 Data sizes:     COMRAM   BANK0   BANK1   BANK2   BANK3   BANK4   BANK5   BANK6   BANK7   BANK8   BANK9  BANK10  BANK11  BANK12  BANK13  BANK14  BANK15
      Params:         0       0       0       0       0       0       0       0       0       0       0       0       0       0       0       0       0
      Locals:        10       0       0       0       0       0       0       0       0       0       0       0       0       0       0       0       0
      Temps:          0       0       0       0       0       0       0       0       0       0       0       0       0       0       0       0       0
      Totals:        10       0       0       0       0       0       0       0       0       0       0       0       0       0       0       0       0
Total ram usage:       10 bytes
 Hardware stack levels used:    1
 Hardware stack levels required when called:    3
 This function calls:
		_convertValueToGrayCode
		_delay
		_getDelay
		_intToBinary
		_isProgramInterupted
		_lcd_cmd
		_lcd_str
		_printMask
 This function is called by:
		_runSubProgram
 This function uses a non-reentrant model


 *************** function _convertValueToGrayCode *****************
 Defined at:
		line 271 in file "main2.c"
 Parameters:    Size  Location     Type
  value           1    wreg     unsigned char 
 Auto vars:     Size  Location     Type
  value           1    0[COMRAM] unsigned char 
 Return value:  Size  Location     Type
                  1    wreg      unsigned char 
 Registers used:
		wreg, status,2, status,0
 Tracked objects:
		On entry : 
		On exit  : 
		Unchanged: 
 Data sizes:     COMRAM   BANK0   BANK1   BANK2   BANK3   BANK4   BANK5   BANK6   BANK7   BANK8   BANK9  BANK10  BANK11  BANK12  BANK13  BANK14  BANK15
      Params:         0       0       0       0       0       0       0       0       0       0       0       0       0       0       0       0       0
      Locals:         1       0       0       0       0       0       0       0       0       0       0       0       0       0       0       0       0
      Temps:          0       0       0       0       0       0       0       0       0       0       0       0       0       0       0       0       0
      Totals:         1       0       0       0       0       0       0       0       0       0       0       0       0       0       0       0       0
Total ram usage:        1 bytes
 Hardware stack levels used:    1
 This function calls:
		Nothing
 This function is called by:
		_subProgram2
 This function uses a non-reentrant model


 *************** function _subProgram1 *****************
 Defined at:
		line 241 in file "main2.c"
 Parameters:    Size  Location     Type
		None
 Auto vars:     Size  Location     Type
  binBuffer       8   22[COMRAM] unsigned char [8]
  counter         1   30[COMRAM] unsigned char 
 Return value:  Size  Location     Type
                  1    wreg      void 
 Registers used:
		wreg, fsr2l, fsr2h, status,2, status,0, tblptrl, tblptrh, tblptru, prodl, prodh, cstack
 Tracked objects:
		On entry : 
		On exit  : 
		Unchanged: 
 Data sizes:     COMRAM   BANK0   BANK1   BANK2   BANK3   BANK4   BANK5   BANK6   BANK7   BANK8   BANK9  BANK10  BANK11  BANK12  BANK13  BANK14  BANK15
      Params:         0       0       0       0       0       0       0       0       0       0       0       0       0       0       0       0       0
      Locals:         9       0       0       0       0       0       0       0       0       0       0       0       0       0       0       0       0
      Temps:          0       0       0       0       0       0       0       0       0       0       0       0       0       0       0       0       0
      Totals:         9       0       0       0       0       0       0       0       0       0       0       0       0       0       0       0       0
Total ram usage:        9 bytes
 Hardware stack levels used:    1
 Hardware stack levels required when called:    3
 This function calls:
		_delay
		_getDelay
		_intToBinary
		_isProgramInterupted
		_lcd_cmd
		_lcd_str
		_printMask
 This function is called by:
		_runSubProgram
 This function uses a non-reentrant model


 *************** function _printMask *****************
 Defined at:
		line 91 in file "main2.c"
 Parameters:    Size  Location     Type
  mask            2    0[COMRAM] PTR unsigned char 
		 -> subProgram2@binBuffer(8), subProgram1@binBuffer(8), 
 Auto vars:     Size  Location     Type
  value           1    2[COMRAM] unsigned char 
 Return value:  Size  Location     Type
                  1    wreg      void 
 Registers used:
		wreg, fsr2l, fsr2h, status,2, status,0, prodl, prodh
 Tracked objects:
		On entry : 
		On exit  : 
		Unchanged: 
 Data sizes:     COMRAM   BANK0   BANK1   BANK2   BANK3   BANK4   BANK5   BANK6   BANK7   BANK8   BANK9  BANK10  BANK11  BANK12  BANK13  BANK14  BANK15
      Params:         2       0       0       0       0       0       0       0       0       0       0       0       0       0       0       0       0
      Locals:         1       0       0       0       0       0       0       0       0       0       0       0       0       0       0       0       0
      Temps:          0       0       0       0       0       0       0       0       0       0       0       0       0       0       0       0       0
      Totals:         3       0       0       0       0       0       0       0       0       0       0       0       0       0       0       0       0
Total ram usage:        3 bytes
 Hardware stack levels used:    1
 This function calls:
		Nothing
 This function is called by:
		_subProgram1
		_subProgram2
 This function uses a non-reentrant model


 *************** function _lcd_str *****************
 Defined at:
		line 223 in file "main2.c"
 Parameters:    Size  Location     Type
  str             2    2[COMRAM] PTR const unsigned char 
		 -> STR_5(14), STR_4(16), STR_3(14), STR_2(16), 
 Auto vars:     Size  Location     Type
  i               1    6[COMRAM] unsigned char 
 Return value:  Size  Location     Type
                  1    wreg      void 
 Registers used:
		wreg, status,2, status,0, tblptrl, tblptrh, tblptru, cstack
 Tracked objects:
		On entry : 
		On exit  : 
		Unchanged: 
 Data sizes:     COMRAM   BANK0   BANK1   BANK2   BANK3   BANK4   BANK5   BANK6   BANK7   BANK8   BANK9  BANK10  BANK11  BANK12  BANK13  BANK14  BANK15
      Params:         2       0       0       0       0       0       0       0       0       0       0       0       0       0       0       0       0
      Locals:         1       0       0       0       0       0       0       0       0       0       0       0       0       0       0       0       0
      Temps:          2       0       0       0       0       0       0       0       0       0       0       0       0       0       0       0       0
      Totals:         5       0       0       0       0       0       0       0       0       0       0       0       0       0       0       0       0
Total ram usage:        5 bytes
 Hardware stack levels used:    1
 Hardware stack levels required when called:    2
 This function calls:
		_lcd_dat
 This function is called by:
		_subProgram1
		_subProgram2
 This function uses a non-reentrant model


 *************** function _lcd_dat *****************
 Defined at:
		line 193 in file "main2.c"
 Parameters:    Size  Location     Type
  val             1    wreg     unsigned char 
 Auto vars:     Size  Location     Type
  val             1    1[COMRAM] unsigned char 
 Return value:  Size  Location     Type
                  1    wreg      void 
 Registers used:
		wreg, status,2, cstack
 Tracked objects:
		On entry : 
		On exit  : 
		Unchanged: 
 Data sizes:     COMRAM   BANK0   BANK1   BANK2   BANK3   BANK4   BANK5   BANK6   BANK7   BANK8   BANK9  BANK10  BANK11  BANK12  BANK13  BANK14  BANK15
      Params:         0       0       0       0       0       0       0       0       0       0       0       0       0       0       0       0       0
      Locals:         1       0       0       0       0       0       0       0       0       0       0       0       0       0       0       0       0
      Temps:          0       0       0       0       0       0       0       0       0       0       0       0       0       0       0       0       0
      Totals:         1       0       0       0       0       0       0       0       0       0       0       0       0       0       0       0       0
Total ram usage:        1 bytes
 Hardware stack levels used:    1
 Hardware stack levels required when called:    1
 This function calls:
		_lcd_wr
 This function is called by:
		_lcd_str
 This function uses a non-reentrant model


 *************** function _isProgramInterupted *****************
 Defined at:
		line 323 in file "main2.c"
 Parameters:    Size  Location     Type
		None
 Auto vars:     Size  Location     Type
  i               2    2[COMRAM] unsigned int 
 Return value:  Size  Location     Type
                  2    0[COMRAM] int 
 Registers used:
		wreg, status,2, status,0
 Tracked objects:
		On entry : 
		On exit  : 
		Unchanged: 
 Data sizes:     COMRAM   BANK0   BANK1   BANK2   BANK3   BANK4   BANK5   BANK6   BANK7   BANK8   BANK9  BANK10  BANK11  BANK12  BANK13  BANK14  BANK15
      Params:         2       0       0       0       0       0       0       0       0       0       0       0       0       0       0       0       0
      Locals:         2       0       0       0       0       0       0       0       0       0       0       0       0       0       0       0       0
      Temps:          0       0       0       0       0       0       0       0       0       0       0       0       0       0       0       0       0
      Totals:         4       0       0       0       0       0       0       0       0       0       0       0       0       0       0       0       0
Total ram usage:        4 bytes
 Hardware stack levels used:    1
 This function calls:
		Nothing
 This function is called by:
		_subProgram1
		_subProgram2
 This function uses a non-reentrant model


 *************** function _intToBinary *****************
 Defined at:
		line 81 in file "main2.c"
 Parameters:    Size  Location     Type
  buffor          2    0[COMRAM] PTR unsigned char 
		 -> subProgram2@binBuffer(8), subProgram1@binBuffer(8), 
  value           1    2[COMRAM] unsigned char 
 Auto vars:     Size  Location     Type
  i               2    5[COMRAM] short 
 Return value:  Size  Location     Type
                  1    wreg      void 
 Registers used:
		wreg, fsr2l, fsr2h, status,2, status,0
 Tracked objects:
		On entry : 
		On exit  : 
		Unchanged: 
 Data sizes:     COMRAM   BANK0   BANK1   BANK2   BANK3   BANK4   BANK5   BANK6   BANK7   BANK8   BANK9  BANK10  BANK11  BANK12  BANK13  BANK14  BANK15
      Params:         3       0       0       0       0       0       0       0       0       0       0       0       0       0       0       0       0
      Locals:         2       0       0       0       0       0       0       0       0       0       0       0       0       0       0       0       0
      Temps:          2       0       0       0       0       0       0       0       0       0       0       0       0       0       0       0       0
      Totals:         7       0       0       0       0       0       0       0       0       0       0       0       0       0       0       0       0
Total ram usage:        7 bytes
 Hardware stack levels used:    1
 This function calls:
		Nothing
 This function is called by:
		_subProgram1
		_subProgram2
 This function uses a non-reentrant model


 *************** function _getDelay *****************
 Defined at:
		line 234 in file "main2.c"
 Parameters:    Size  Location     Type
		None
 Auto vars:     Size  Location     Type
  delay           1   16[COMRAM] unsigned char 
 Return value:  Size  Location     Type
                  2   14[COMRAM] unsigned int 
 Registers used:
		wreg, status,2, status,0, prodl, prodh, cstack
 Tracked objects:
		On entry : 
		On exit  : 
		Unchanged: 
 Data sizes:     COMRAM   BANK0   BANK1   BANK2   BANK3   BANK4   BANK5   BANK6   BANK7   BANK8   BANK9  BANK10  BANK11  BANK12  BANK13  BANK14  BANK15
      Params:         2       0       0       0       0       0       0       0       0       0       0       0       0       0       0       0       0
      Locals:         1       0       0       0       0       0       0       0       0       0       0       0       0       0       0       0       0
      Temps:          0       0       0       0       0       0       0       0       0       0       0       0       0       0       0       0       0
      Totals:         3       0       0       0       0       0       0       0       0       0       0       0       0       0       0       0       0
Total ram usage:        3 bytes
 Hardware stack levels used:    1
 Hardware stack levels required when called:    1
 This function calls:
		___lwdiv
		_adc
 This function is called by:
		_subProgram1
		_subProgram2
 This function uses a non-reentrant model


 *************** function _adc *****************
 Defined at:
		line 162 in file "main2.c"
 Parameters:    Size  Location     Type
  kanal           1    wreg     unsigned char 
 Auto vars:     Size  Location     Type
  kanal           1    6[COMRAM] unsigned char 
 Return value:  Size  Location     Type
                  2    0[COMRAM] unsigned int 
 Registers used:
		wreg, status,2, status,0
 Tracked objects:
		On entry : 
		On exit  : 
		Unchanged: 
 Data sizes:     COMRAM   BANK0   BANK1   BANK2   BANK3   BANK4   BANK5   BANK6   BANK7   BANK8   BANK9  BANK10  BANK11  BANK12  BANK13  BANK14  BANK15
      Params:         2       0       0       0       0       0       0       0       0       0       0       0       0       0       0       0       0
      Locals:         1       0       0       0       0       0       0       0       0       0       0       0       0       0       0       0       0
      Temps:          4       0       0       0       0       0       0       0       0       0       0       0       0       0       0       0       0
      Totals:         7       0       0       0       0       0       0       0       0       0       0       0       0       0       0       0       0
Total ram usage:        7 bytes
 Hardware stack levels used:    1
 This function calls:
		Nothing
 This function is called by:
		_getDelay
 This function uses a non-reentrant model


 *************** function ___lwdiv *****************
 Defined at:
		line 7 in file "/opt/microchip/xc8/v2.10/pic/sources/c99/common/lwdiv.c"
 Parameters:    Size  Location     Type
  dividend        2    7[COMRAM] unsigned int 
  divisor         2    9[COMRAM] unsigned int 
 Auto vars:     Size  Location     Type
  quotient        2   11[COMRAM] unsigned int 
  counter         1   13[COMRAM] unsigned char 
 Return value:  Size  Location     Type
                  2    7[COMRAM] unsigned int 
 Registers used:
		wreg, status,2, status,0
 Tracked objects:
		On entry : 
		On exit  : 
		Unchanged: 
 Data sizes:     COMRAM   BANK0   BANK1   BANK2   BANK3   BANK4   BANK5   BANK6   BANK7   BANK8   BANK9  BANK10  BANK11  BANK12  BANK13  BANK14  BANK15
      Params:         4       0       0       0       0       0       0       0       0       0       0       0       0       0       0       0       0
      Locals:         3       0       0       0       0       0       0       0       0       0       0       0       0       0       0       0       0
      Temps:          0       0       0       0       0       0       0       0       0       0       0       0       0       0       0       0       0
      Totals:         7       0       0       0       0       0       0       0       0       0       0       0       0       0       0       0       0
Total ram usage:        7 bytes
 Hardware stack levels used:    1
 This function calls:
		Nothing
 This function is called by:
		_getDelay
 This function uses a non-reentrant model


 *************** function _lcd_init *****************
 Defined at:
		line 204 in file "main2.c"
 Parameters:    Size  Location     Type
		None
 Auto vars:     Size  Location     Type
		None
 Return value:  Size  Location     Type
                  1    wreg      void 
 Registers used:
		wreg, status,2, status,0, cstack
 Tracked objects:
		On entry : 
		On exit  : 
		Unchanged: 
 Data sizes:     COMRAM   BANK0   BANK1   BANK2   BANK3   BANK4   BANK5   BANK6   BANK7   BANK8   BANK9  BANK10  BANK11  BANK12  BANK13  BANK14  BANK15
      Params:         0       0       0       0       0       0       0       0       0       0       0       0       0       0       0       0       0
      Locals:         0       0       0       0       0       0       0       0       0       0       0       0       0       0       0       0       0
      Temps:          0       0       0       0       0       0       0       0       0       0       0       0       0       0       0       0       0
      Totals:         0       0       0       0       0       0       0       0       0       0       0       0       0       0       0       0       0
Total ram usage:        0 bytes
 Hardware stack levels used:    1
 Hardware stack levels required when called:    2
 This function calls:
		_delay
		_lcd_cmd
 This function is called by:
		_main
 This function uses a non-reentrant model


 *************** function _lcd_cmd *****************
 Defined at:
		line 182 in file "main2.c"
 Parameters:    Size  Location     Type
  val             1    wreg     unsigned char 
 Auto vars:     Size  Location     Type
  val             1    1[COMRAM] unsigned char 
 Return value:  Size  Location     Type
                  1    wreg      void 
 Registers used:
		wreg, status,2, cstack
 Tracked objects:
		On entry : 
		On exit  : 
		Unchanged: 
 Data sizes:     COMRAM   BANK0   BANK1   BANK2   BANK3   BANK4   BANK5   BANK6   BANK7   BANK8   BANK9  BANK10  BANK11  BANK12  BANK13  BANK14  BANK15
      Params:         0       0       0       0       0       0       0       0       0       0       0       0       0       0       0       0       0
      Locals:         1       0       0       0       0       0       0       0       0       0       0       0       0       0       0       0       0
      Temps:          0       0       0       0       0       0       0       0       0       0       0       0       0       0       0       0       0
      Totals:         1       0       0       0       0       0       0       0       0       0       0       0       0       0       0       0       0
Total ram usage:        1 bytes
 Hardware stack levels used:    1
 Hardware stack levels required when called:    1
 This function calls:
		_lcd_wr
 This function is called by:
		_lcd_init
		_subProgram1
		_subProgram2
		_main
 This function uses a non-reentrant model


 *************** function _lcd_wr *****************
 Defined at:
		line 177 in file "main2.c"
 Parameters:    Size  Location     Type
  val             1    wreg     unsigned char 
 Auto vars:     Size  Location     Type
  val             1    0[COMRAM] unsigned char 
 Return value:  Size  Location     Type
                  1    wreg      void 
 Registers used:
		wreg
 Tracked objects:
		On entry : 
		On exit  : 
		Unchanged: 
 Data sizes:     COMRAM   BANK0   BANK1   BANK2   BANK3   BANK4   BANK5   BANK6   BANK7   BANK8   BANK9  BANK10  BANK11  BANK12  BANK13  BANK14  BANK15
      Params:         0       0       0       0       0       0       0       0       0       0       0       0       0       0       0       0       0
      Locals:         1       0       0       0       0       0       0       0       0       0       0       0       0       0       0       0       0
      Temps:          0       0       0       0       0       0       0       0       0       0       0       0       0       0       0       0       0
      Totals:         1       0       0       0       0       0       0       0       0       0       0       0       0       0       0       0       0
Total ram usage:        1 bytes
 Hardware stack levels used:    1
 This function calls:
		Nothing
 This function is called by:
		_lcd_cmd
		_lcd_dat
 This function uses a non-reentrant model


 *************** function _delay *****************
 Defined at:
		line 143 in file "main2.c"
 Parameters:    Size  Location     Type
  ms              2   17[COMRAM] unsigned int 
 Auto vars:     Size  Location     Type
  i               2   19[COMRAM] unsigned int 
  j               1   21[COMRAM] unsigned char 
 Return value:  Size  Location     Type
                  1    wreg      void 
 Registers used:
		wreg, status,2, status,0
 Tracked objects:
		On entry : 
		On exit  : 
		Unchanged: 
 Data sizes:     COMRAM   BANK0   BANK1   BANK2   BANK3   BANK4   BANK5   BANK6   BANK7   BANK8   BANK9  BANK10  BANK11  BANK12  BANK13  BANK14  BANK15
      Params:         2       0       0       0       0       0       0       0       0       0       0       0       0       0       0       0       0
      Locals:         3       0       0       0       0       0       0       0       0       0       0       0       0       0       0       0       0
      Temps:          0       0       0       0       0       0       0       0       0       0       0       0       0       0       0       0       0
      Totals:         5       0       0       0       0       0       0       0       0       0       0       0       0       0       0       0       0
Total ram usage:        5 bytes
 Hardware stack levels used:    1
 This function calls:
		Nothing
 This function is called by:
		_lcd_init
		_subProgram1
		_subProgram2
 This function uses a non-reentrant model


 *************** function _changeProgram *****************
 Defined at:
		line 340 in file "main2.c"
 Parameters:    Size  Location     Type
  program         2    0[COMRAM] PTR unsigned int 
		 -> main@program(2), 
 Auto vars:     Size  Location     Type
  i               2    4[COMRAM] unsigned int 
 Return value:  Size  Location     Type
                  1    wreg      void 
 Registers used:
		wreg, fsr2l, fsr2h, status,2, status,0
 Tracked objects:
		On entry : 
		On exit  : 
		Unchanged: 
 Data sizes:     COMRAM   BANK0   BANK1   BANK2   BANK3   BANK4   BANK5   BANK6   BANK7   BANK8   BANK9  BANK10  BANK11  BANK12  BANK13  BANK14  BANK15
      Params:         2       0       0       0       0       0       0       0       0       0       0       0       0       0       0       0       0
      Locals:         2       0       0       0       0       0       0       0       0       0       0       0       0       0       0       0       0
      Temps:          2       0       0       0       0       0       0       0       0       0       0       0       0       0       0       0       0
      Totals:         6       0       0       0       0       0       0       0       0       0       0       0       0       0       0       0       0
Total ram usage:        6 bytes
 Hardware stack levels used:    1
 This function calls:
		Nothing
 This function is called by:
		_main
 This function uses a non-reentrant model



MODULE INFORMATION

Module		Function		Class		Link	Load	Size
/opt/microchip/xc8/v2.10/pic/sources/c99/common/lwdiv.c
		___lwdiv       		CODE           	13E2	0000	117

/opt/microchip/xc8/v2.10/pic/sources/c99/common/lwdiv.c estimated size: 117

main2.c
		_delay         		CODE           	1612	0000	73
		_lcd_cmd       		CODE           	16EE	0000	19
		_lcd_dat       		CODE           	16DC	0000	19
		_main          		CODE           	1524	0000	83
		_getDelay      		CODE           	169C	0000	43
		_lcd_wr        		CODE           	170A	0000	9
		_adc           		CODE           	1352	0000	145
		_subProgram1   		CODE           	1136	0000	185
		_subProgram2   		CODE           	12A2	0000	177
		_changeProgram 		CODE           	1050	0000	231
		_runSubProgram 		CODE           	165A	0000	67
		_isProgramInterupted		CODE           	1456	0000	115
		_intToBinary   		CODE           	15C6	0000	77
		_printMask     		CODE           	11EE	0000	181
		_convertValueToGrayCode		CODE           	1700	0000	11
		_lcd_str       		CODE           	1576	0000	81
		_lcd_init      		CODE           	14C8	0000	93

main2.c estimated size: 1609

shared
		__initialization		CODE           	16C6	0000	13

shared estimated size: 13

